Adding custom extension mapping: 'ioc' will be treated as language 'c'
Adding custom extension mapping: 'ld' will be treated as language 'c'
Adding custom extension mapping: 's' will be treated as language 'c'
Adding custom extension mapping: 'asm' will be treated as language 'c'
Doxygen version used: 1.17.0 (65a43c0aba45cc23b3ca11b6b5334d4eea931726)
Searching for include files...
Searching for example files...
Searching for files in directory C:/Users/sheikriyaz/OneDrive/Desktop/stm32project1/my_firmware/ultrasonic_distance_bringup
Searching for files in directory C:/Users/sheikriyaz/OneDrive/Desktop/stm32project1/my_firmware/ultrasonic_distance_bringup/build
Searching for files in directory C:/Users/sheikriyaz/OneDrive/Desktop/stm32project1/my_firmware/ultrasonic_distance_bringup/build/CMakeFiles
Searching for files in directory C:/Users/sheikriyaz/OneDrive/Desktop/stm32project1/my_firmware/ultrasonic_distance_bringup/build/CMakeFiles/4.3.1
Searching for files in directory C:/Users/sheikriyaz/OneDrive/Desktop/stm32project1/my_firmware/ultrasonic_distance_bringup/build/CMakeFiles/4.3.1/CompilerIdASM
Searching for files in directory C:/Users/sheikriyaz/OneDrive/Desktop/stm32project1/my_firmware/ultrasonic_distance_bringup/build/CMakeFiles/4.3.1/CompilerIdC
Searching for files in directory C:/Users/sheikriyaz/OneDrive/Desktop/stm32project1/my_firmware/ultrasonic_distance_bringup/build/CMakeFiles/4.3.1/CompilerIdC/tmp
Searching for files in directory C:/Users/sheikriyaz/OneDrive/Desktop/stm32project1/my_firmware/ultrasonic_distance_bringup/build/CMakeFiles/CMakeScratch
Searching for files in directory C:/Users/sheikriyaz/OneDrive/Desktop/stm32project1/my_firmware/ultrasonic_distance_bringup/build/CMakeFiles/pkgRedirects
Searching for files in directory C:/Users/sheikriyaz/OneDrive/Desktop/stm32project1/my_firmware/ultrasonic_distance_bringup/build/CMakeFiles/ultrasonic_distance_bringup.elf.dir
Searching for files in directory C:/Users/sheikriyaz/OneDrive/Desktop/stm32project1/my_firmware/ultrasonic_distance_bringup/build/CMakeFiles/ultrasonic_distance_bringup.elf.dir/Core
Searching for files in directory C:/Users/sheikriyaz/OneDrive/Desktop/stm32project1/my_firmware/ultrasonic_distance_bringup/build/CMakeFiles/ultrasonic_distance_bringup.elf.dir/Core/Src
Searching for files in directory C:/Users/sheikriyaz/OneDrive/Desktop/stm32project1/my_firmware/ultrasonic_distance_bringup/build/CMakeFiles/ultrasonic_distance_bringup.elf.dir/Core/Startup
Searching for files in directory C:/Users/sheikriyaz/OneDrive/Desktop/stm32project1/my_firmware/ultrasonic_distance_bringup/build/CMakeFiles/ultrasonic_distance_bringup.elf.dir/Drivers
Searching for files in directory C:/Users/sheikriyaz/OneDrive/Desktop/stm32project1/my_firmware/ultrasonic_distance_bringup/build/CMakeFiles/ultrasonic_distance_bringup.elf.dir/Drivers/STM32G0xx_HAL_Driver
Searching for files in directory C:/Users/sheikriyaz/OneDrive/Desktop/stm32project1/my_firmware/ultrasonic_distance_bringup/build/CMakeFiles/ultrasonic_distance_bringup.elf.dir/Drivers/STM32G0xx_HAL_Driver/Src
Searching for files in directory C:/Users/sheikriyaz/OneDrive/Desktop/stm32project1/my_firmware/ultrasonic_distance_bringup/build/CMakeFiles/ultrasonic_distance_bringup.elf.dir/firmware
Searching for files in directory C:/Users/sheikriyaz/OneDrive/Desktop/stm32project1/my_firmware/ultrasonic_distance_bringup/build/CMakeFiles/ultrasonic_distance_bringup.elf.dir/firmware/app
Searching for files in directory C:/Users/sheikriyaz/OneDrive/Desktop/stm32project1/my_firmware/ultrasonic_distance_bringup/cmake
Searching for files in directory C:/Users/sheikriyaz/OneDrive/Desktop/stm32project1/my_firmware/ultrasonic_distance_bringup/Core
Searching for files in directory C:/Users/sheikriyaz/OneDrive/Desktop/stm32project1/my_firmware/ultrasonic_distance_bringup/Core/Inc
Searching for files in directory C:/Users/sheikriyaz/OneDrive/Desktop/stm32project1/my_firmware/ultrasonic_distance_bringup/Core/Src
Searching for files in directory C:/Users/sheikriyaz/OneDrive/Desktop/stm32project1/my_firmware/ultrasonic_distance_bringup/Core/Startup
Searching for files in directory C:/Users/sheikriyaz/OneDrive/Desktop/stm32project1/my_firmware/ultrasonic_distance_bringup/Drivers
Searching for files in directory C:/Users/sheikriyaz/OneDrive/Desktop/stm32project1/my_firmware/ultrasonic_distance_bringup/Drivers/CMSIS
Searching for files in directory C:/Users/sheikriyaz/OneDrive/Desktop/stm32project1/my_firmware/ultrasonic_distance_bringup/Drivers/CMSIS/Device
Searching for files in directory C:/Users/sheikriyaz/OneDrive/Desktop/stm32project1/my_firmware/ultrasonic_distance_bringup/Drivers/CMSIS/Device/ST
Searching for files in directory C:/Users/sheikriyaz/OneDrive/Desktop/stm32project1/my_firmware/ultrasonic_distance_bringup/Drivers/CMSIS/Device/ST/STM32G0xx
Searching for files in directory C:/Users/sheikriyaz/OneDrive/Desktop/stm32project1/my_firmware/ultrasonic_distance_bringup/Drivers/CMSIS/Device/ST/STM32G0xx/Include
Searching for files in directory C:/Users/sheikriyaz/OneDrive/Desktop/stm32project1/my_firmware/ultrasonic_distance_bringup/Drivers/CMSIS/Include
Searching for files in directory C:/Users/sheikriyaz/OneDrive/Desktop/stm32project1/my_firmware/ultrasonic_distance_bringup/Drivers/STM32G0xx_HAL_Driver
Searching for files in directory C:/Users/sheikriyaz/OneDrive/Desktop/stm32project1/my_firmware/ultrasonic_distance_bringup/Drivers/STM32G0xx_HAL_Driver/Inc
Searching for files in directory C:/Users/sheikriyaz/OneDrive/Desktop/stm32project1/my_firmware/ultrasonic_distance_bringup/Drivers/STM32G0xx_HAL_Driver/Inc/Legacy
Searching for files in directory C:/Users/sheikriyaz/OneDrive/Desktop/stm32project1/my_firmware/ultrasonic_distance_bringup/Drivers/STM32G0xx_HAL_Driver/Src
Searching for files in directory C:/Users/sheikriyaz/OneDrive/Desktop/stm32project1/my_firmware/ultrasonic_distance_bringup/firmware
Searching for files in directory C:/Users/sheikriyaz/OneDrive/Desktop/stm32project1/my_firmware/ultrasonic_distance_bringup/firmware/app
Searching for files in directory C:/Users/sheikriyaz/OneDrive/Desktop/stm32project1/my_firmware/ultrasonic_distance_bringup/firmware/configs
Searching for files in directory C:/Users/sheikriyaz/OneDrive/Desktop/stm32project1/my_firmware/ultrasonic_distance_bringup/firmware/docs
Searching for files in directory C:/Users/sheikriyaz/OneDrive/Desktop/stm32project1/my_firmware/ultrasonic_distance_bringup/firmware/docs/api
Searching for files in directory C:/Users/sheikriyaz/OneDrive/Desktop/stm32project1/my_firmware/ultrasonic_distance_bringup/firmware/docs/api/html
Searching for images...
Searching for files in directory C:/Users/sheikriyaz/OneDrive/Desktop/stm32project1/my_firmware/ultrasonic_distance_bringup
Searching for files in directory C:/Users/sheikriyaz/OneDrive/Desktop/stm32project1/my_firmware/ultrasonic_distance_bringup/build
Searching for files in directory C:/Users/sheikriyaz/OneDrive/Desktop/stm32project1/my_firmware/ultrasonic_distance_bringup/build/CMakeFiles
Searching for files in directory C:/Users/sheikriyaz/OneDrive/Desktop/stm32project1/my_firmware/ultrasonic_distance_bringup/build/CMakeFiles/4.3.1
Searching for files in directory C:/Users/sheikriyaz/OneDrive/Desktop/stm32project1/my_firmware/ultrasonic_distance_bringup/build/CMakeFiles/4.3.1/CompilerIdASM
Searching for files in directory C:/Users/sheikriyaz/OneDrive/Desktop/stm32project1/my_firmware/ultrasonic_distance_bringup/build/CMakeFiles/4.3.1/CompilerIdC
Searching for files in directory C:/Users/sheikriyaz/OneDrive/Desktop/stm32project1/my_firmware/ultrasonic_distance_bringup/build/CMakeFiles/4.3.1/CompilerIdC/tmp
Searching for files in directory C:/Users/sheikriyaz/OneDrive/Desktop/stm32project1/my_firmware/ultrasonic_distance_bringup/build/CMakeFiles/CMakeScratch
Searching for files in directory C:/Users/sheikriyaz/OneDrive/Desktop/stm32project1/my_firmware/ultrasonic_distance_bringup/build/CMakeFiles/pkgRedirects
Searching for files in directory C:/Users/sheikriyaz/OneDrive/Desktop/stm32project1/my_firmware/ultrasonic_distance_bringup/build/CMakeFiles/ultrasonic_distance_bringup.elf.dir
Searching for files in directory C:/Users/sheikriyaz/OneDrive/Desktop/stm32project1/my_firmware/ultrasonic_distance_bringup/build/CMakeFiles/ultrasonic_distance_bringup.elf.dir/Core
Searching for files in directory C:/Users/sheikriyaz/OneDrive/Desktop/stm32project1/my_firmware/ultrasonic_distance_bringup/build/CMakeFiles/ultrasonic_distance_bringup.elf.dir/Core/Src
Searching for files in directory C:/Users/sheikriyaz/OneDrive/Desktop/stm32project1/my_firmware/ultrasonic_distance_bringup/build/CMakeFiles/ultrasonic_distance_bringup.elf.dir/Core/Startup
Searching for files in directory C:/Users/sheikriyaz/OneDrive/Desktop/stm32project1/my_firmware/ultrasonic_distance_bringup/build/CMakeFiles/ultrasonic_distance_bringup.elf.dir/Drivers
Searching for files in directory C:/Users/sheikriyaz/OneDrive/Desktop/stm32project1/my_firmware/ultrasonic_distance_bringup/build/CMakeFiles/ultrasonic_distance_bringup.elf.dir/Drivers/STM32G0xx_HAL_Driver
Searching for files in directory C:/Users/sheikriyaz/OneDrive/Desktop/stm32project1/my_firmware/ultrasonic_distance_bringup/build/CMakeFiles/ultrasonic_distance_bringup.elf.dir/Drivers/STM32G0xx_HAL_Driver/Src
Searching for files in directory C:/Users/sheikriyaz/OneDrive/Desktop/stm32project1/my_firmware/ultrasonic_distance_bringup/build/CMakeFiles/ultrasonic_distance_bringup.elf.dir/firmware
Searching for files in directory C:/Users/sheikriyaz/OneDrive/Desktop/stm32project1/my_firmware/ultrasonic_distance_bringup/build/CMakeFiles/ultrasonic_distance_bringup.elf.dir/firmware/app
Searching for files in directory C:/Users/sheikriyaz/OneDrive/Desktop/stm32project1/my_firmware/ultrasonic_distance_bringup/cmake
Searching for files in directory C:/Users/sheikriyaz/OneDrive/Desktop/stm32project1/my_firmware/ultrasonic_distance_bringup/Core
Searching for files in directory C:/Users/sheikriyaz/OneDrive/Desktop/stm32project1/my_firmware/ultrasonic_distance_bringup/Core/Inc
Searching for files in directory C:/Users/sheikriyaz/OneDrive/Desktop/stm32project1/my_firmware/ultrasonic_distance_bringup/Core/Src
Searching for files in directory C:/Users/sheikriyaz/OneDrive/Desktop/stm32project1/my_firmware/ultrasonic_distance_bringup/Core/Startup
Searching for files in directory C:/Users/sheikriyaz/OneDrive/Desktop/stm32project1/my_firmware/ultrasonic_distance_bringup/Drivers
Searching for files in directory C:/Users/sheikriyaz/OneDrive/Desktop/stm32project1/my_firmware/ultrasonic_distance_bringup/Drivers/CMSIS
Searching for files in directory C:/Users/sheikriyaz/OneDrive/Desktop/stm32project1/my_firmware/ultrasonic_distance_bringup/Drivers/CMSIS/Device
Searching for files in directory C:/Users/sheikriyaz/OneDrive/Desktop/stm32project1/my_firmware/ultrasonic_distance_bringup/Drivers/CMSIS/Device/ST
Searching for files in directory C:/Users/sheikriyaz/OneDrive/Desktop/stm32project1/my_firmware/ultrasonic_distance_bringup/Drivers/CMSIS/Device/ST/STM32G0xx
Searching for files in directory C:/Users/sheikriyaz/OneDrive/Desktop/stm32project1/my_firmware/ultrasonic_distance_bringup/Drivers/CMSIS/Device/ST/STM32G0xx/Include
Searching for files in directory C:/Users/sheikriyaz/OneDrive/Desktop/stm32project1/my_firmware/ultrasonic_distance_bringup/Drivers/CMSIS/Include
Searching for files in directory C:/Users/sheikriyaz/OneDrive/Desktop/stm32project1/my_firmware/ultrasonic_distance_bringup/Drivers/STM32G0xx_HAL_Driver
Searching for files in directory C:/Users/sheikriyaz/OneDrive/Desktop/stm32project1/my_firmware/ultrasonic_distance_bringup/Drivers/STM32G0xx_HAL_Driver/Inc
Searching for files in directory C:/Users/sheikriyaz/OneDrive/Desktop/stm32project1/my_firmware/ultrasonic_distance_bringup/Drivers/STM32G0xx_HAL_Driver/Inc/Legacy
Searching for files in directory C:/Users/sheikriyaz/OneDrive/Desktop/stm32project1/my_firmware/ultrasonic_distance_bringup/Drivers/STM32G0xx_HAL_Driver/Src
Searching for files in directory C:/Users/sheikriyaz/OneDrive/Desktop/stm32project1/my_firmware/ultrasonic_distance_bringup/firmware
Searching for files in directory C:/Users/sheikriyaz/OneDrive/Desktop/stm32project1/my_firmware/ultrasonic_distance_bringup/firmware/app
Searching for files in directory C:/Users/sheikriyaz/OneDrive/Desktop/stm32project1/my_firmware/ultrasonic_distance_bringup/firmware/configs
Searching for files in directory C:/Users/sheikriyaz/OneDrive/Desktop/stm32project1/my_firmware/ultrasonic_distance_bringup/firmware/docs
Searching for files in directory C:/Users/sheikriyaz/OneDrive/Desktop/stm32project1/my_firmware/ultrasonic_distance_bringup/firmware/docs/api
Searching for files in directory C:/Users/sheikriyaz/OneDrive/Desktop/stm32project1/my_firmware/ultrasonic_distance_bringup/firmware/docs/api/html
Searching for dot files...
Searching for msc files...
Searching for dia files...
Searching for plantuml files...
Searching for mermaid files...
Searching for files to exclude
Searching for files in directory C:/Users/sheikriyaz/OneDrive/Desktop/stm32project1/my_firmware/ultrasonic_distance_bringup/firmware/docs/api
Searching for files in directory C:/Users/sheikriyaz/OneDrive/Desktop/stm32project1/my_firmware/ultrasonic_distance_bringup/firmware/docs/api/html
Searching for files in directory C:/Users/sheikriyaz/OneDrive/Desktop/stm32project1/my_firmware/ultrasonic_distance_bringup/build
Searching for files in directory C:/Users/sheikriyaz/OneDrive/Desktop/stm32project1/my_firmware/ultrasonic_distance_bringup/build/CMakeFiles
Searching for files in directory C:/Users/sheikriyaz/OneDrive/Desktop/stm32project1/my_firmware/ultrasonic_distance_bringup/build/CMakeFiles/4.3.1
Searching for files in directory C:/Users/sheikriyaz/OneDrive/Desktop/stm32project1/my_firmware/ultrasonic_distance_bringup/build/CMakeFiles/4.3.1/CompilerIdASM
Searching for files in directory C:/Users/sheikriyaz/OneDrive/Desktop/stm32project1/my_firmware/ultrasonic_distance_bringup/build/CMakeFiles/4.3.1/CompilerIdC
Searching for files in directory C:/Users/sheikriyaz/OneDrive/Desktop/stm32project1/my_firmware/ultrasonic_distance_bringup/build/CMakeFiles/4.3.1/CompilerIdC/tmp
Searching for files in directory C:/Users/sheikriyaz/OneDrive/Desktop/stm32project1/my_firmware/ultrasonic_distance_bringup/build/CMakeFiles/CMakeScratch
Searching for files in directory C:/Users/sheikriyaz/OneDrive/Desktop/stm32project1/my_firmware/ultrasonic_distance_bringup/build/CMakeFiles/pkgRedirects
Searching for files in directory C:/Users/sheikriyaz/OneDrive/Desktop/stm32project1/my_firmware/ultrasonic_distance_bringup/build/CMakeFiles/ultrasonic_distance_bringup.elf.dir
Searching for files in directory C:/Users/sheikriyaz/OneDrive/Desktop/stm32project1/my_firmware/ultrasonic_distance_bringup/build/CMakeFiles/ultrasonic_distance_bringup.elf.dir/Core
Searching for files in directory C:/Users/sheikriyaz/OneDrive/Desktop/stm32project1/my_firmware/ultrasonic_distance_bringup/build/CMakeFiles/ultrasonic_distance_bringup.elf.dir/Core/Src
Searching for files in directory C:/Users/sheikriyaz/OneDrive/Desktop/stm32project1/my_firmware/ultrasonic_distance_bringup/build/CMakeFiles/ultrasonic_distance_bringup.elf.dir/Core/Startup
Searching for files in directory C:/Users/sheikriyaz/OneDrive/Desktop/stm32project1/my_firmware/ultrasonic_distance_bringup/build/CMakeFiles/ultrasonic_distance_bringup.elf.dir/Drivers
Searching for files in directory C:/Users/sheikriyaz/OneDrive/Desktop/stm32project1/my_firmware/ultrasonic_distance_bringup/build/CMakeFiles/ultrasonic_distance_bringup.elf.dir/Drivers/STM32G0xx_HAL_Driver
Searching for files in directory C:/Users/sheikriyaz/OneDrive/Desktop/stm32project1/my_firmware/ultrasonic_distance_bringup/build/CMakeFiles/ultrasonic_distance_bringup.elf.dir/Drivers/STM32G0xx_HAL_Driver/Src
Searching for files in directory C:/Users/sheikriyaz/OneDrive/Desktop/stm32project1/my_firmware/ultrasonic_distance_bringup/build/CMakeFiles/ultrasonic_distance_bringup.elf.dir/firmware
Searching for files in directory C:/Users/sheikriyaz/OneDrive/Desktop/stm32project1/my_firmware/ultrasonic_distance_bringup/build/CMakeFiles/ultrasonic_distance_bringup.elf.dir/firmware/app
Searching INPUT for files to process...
Searching for files in directory C:/Users/sheikriyaz/OneDrive/Desktop/stm32project1/my_firmware/ultrasonic_distance_bringup/firmware
Searching for files in directory C:/Users/sheikriyaz/OneDrive/Desktop/stm32project1/my_firmware/ultrasonic_distance_bringup/firmware/app
Searching for files in directory C:/Users/sheikriyaz/OneDrive/Desktop/stm32project1/my_firmware/ultrasonic_distance_bringup/firmware/configs
Searching for files in directory C:/Users/sheikriyaz/OneDrive/Desktop/stm32project1/my_firmware/ultrasonic_distance_bringup/firmware/docs
Searching for files in directory C:/Users/sheikriyaz/OneDrive/Desktop/stm32project1/my_firmware/ultrasonic_distance_bringup/firmware/docs/api
Searching for files in directory C:/Users/sheikriyaz/OneDrive/Desktop/stm32project1/my_firmware/ultrasonic_distance_bringup/Core/Inc
Searching for files in directory C:/Users/sheikriyaz/OneDrive/Desktop/stm32project1/my_firmware/ultrasonic_distance_bringup/Core/Src
Reading and parsing tag files
Parsing files
Preprocessing C:/Users/sheikriyaz/OneDrive/Desktop/stm32project1/my_firmware/ultrasonic_distance_bringup/firmware/app/app.c...
Parsing file C:/Users/sheikriyaz/OneDrive/Desktop/stm32project1/my_firmware/ultrasonic_distance_bringup/firmware/app/app.c...
Preprocessing C:/Users/sheikriyaz/OneDrive/Desktop/stm32project1/my_firmware/ultrasonic_distance_bringup/firmware/app/app.h...
Parsing file C:/Users/sheikriyaz/OneDrive/Desktop/stm32project1/my_firmware/ultrasonic_distance_bringup/firmware/app/app.h...
Preprocessing C:/Users/sheikriyaz/OneDrive/Desktop/stm32project1/my_firmware/ultrasonic_distance_bringup/firmware/configs/app_config.h...
Parsing file C:/Users/sheikriyaz/OneDrive/Desktop/stm32project1/my_firmware/ultrasonic_distance_bringup/firmware/configs/app_config.h...
Reading C:/Users/sheikriyaz/OneDrive/Desktop/stm32project1/my_firmware/ultrasonic_distance_bringup/firmware/docs/overview.md...
Preprocessing C:/Users/sheikriyaz/OneDrive/Desktop/stm32project1/my_firmware/ultrasonic_distance_bringup/Core/Inc/main.h...
Parsing file C:/Users/sheikriyaz/OneDrive/Desktop/stm32project1/my_firmware/ultrasonic_distance_bringup/Core/Inc/main.h...
Preprocessing C:/Users/sheikriyaz/OneDrive/Desktop/stm32project1/my_firmware/ultrasonic_distance_bringup/Core/Inc/stm32g0xx_hal_conf.h...
Parsing file C:/Users/sheikriyaz/OneDrive/Desktop/stm32project1/my_firmware/ultrasonic_distance_bringup/Core/Inc/stm32g0xx_hal_conf.h...
Preprocessing C:/Users/sheikriyaz/OneDrive/Desktop/stm32project1/my_firmware/ultrasonic_distance_bringup/Core/Inc/stm32g0xx_it.h...
Parsing file C:/Users/sheikriyaz/OneDrive/Desktop/stm32project1/my_firmware/ultrasonic_distance_bringup/Core/Inc/stm32g0xx_it.h...
Preprocessing C:/Users/sheikriyaz/OneDrive/Desktop/stm32project1/my_firmware/ultrasonic_distance_bringup/Core/Src/main.c...
Parsing file C:/Users/sheikriyaz/OneDrive/Desktop/stm32project1/my_firmware/ultrasonic_distance_bringup/Core/Src/main.c...
Preprocessing C:/Users/sheikriyaz/OneDrive/Desktop/stm32project1/my_firmware/ultrasonic_distance_bringup/Core/Src/stm32g0xx_hal_msp.c...
Parsing file C:/Users/sheikriyaz/OneDrive/Desktop/stm32project1/my_firmware/ultrasonic_distance_bringup/Core/Src/stm32g0xx_hal_msp.c...
Preprocessing C:/Users/sheikriyaz/OneDrive/Desktop/stm32project1/my_firmware/ultrasonic_distance_bringup/Core/Src/stm32g0xx_it.c...
Parsing file C:/Users/sheikriyaz/OneDrive/Desktop/stm32project1/my_firmware/ultrasonic_distance_bringup/Core/Src/stm32g0xx_it.c...
Preprocessing C:/Users/sheikriyaz/OneDrive/Desktop/stm32project1/my_firmware/ultrasonic_distance_bringup/Core/Src/system_stm32g0xx.c...
Parsing file C:/Users/sheikriyaz/OneDrive/Desktop/stm32project1/my_firmware/ultrasonic_distance_bringup/Core/Src/system_stm32g0xx.c...
Building macro definition list...
Building group list...
Building directory list...
Building namespace list...
Building file list...
Building class list...
Building concept list...
Computing nesting relations for classes...
Associating documentation with classes...
Associating documentation with concepts...
Associating documentation with modules...
Building example list...
Searching for enumerations...
Searching for documented typedefs...
Searching for members imported via using declarations...
Searching for included using directives...
Searching for documented variables...
Building interface member list...
Building member list...
Searching for friends...
Searching for documented defines...
Computing class inheritance relations...
Computing class usage relations...
Flushing cached template relations that have become invalid...
Warn for undocumented namespaces...
Computing class relations...
Add enum values to enums...
Searching for member function documentation...
Creating members for template instances...
Building page list...
Building requirements list...
Search for main page...
Computing page relations...
Determining the scope of groups...
Computing module relations...
Sorting lists...
Determining which enums are documented
Computing member relations...
Building full member lists recursively...
Adding members to member groups.
Distributing member group documentation.
Computing member references...
Inheriting documentation...
Generating disk names...
Adding source references...
Adding xrefitems...
Adding requirements...
Sorting member lists...
Setting anonymous enum type...
Computing dependencies between directories...
Generating citations page...
Counting members...
Counting data structures...
Resolving user defined references...
Finding anchors and sections in the documentation...
Transferring function references...
Combining using relations...
Adding members to index pages...
Correcting members for VHDL...
Computing tooltip texts...
Generating style sheet...
Generating search indices...
Generating example documentation...
Generating file sources...
Generating code for file Core/Inc/main.h...
Generating code for file Core/Inc/stm32g0xx_hal_conf.h...
Generating code for file Core/Inc/stm32g0xx_it.h...
Generating code for file Core/Src/main.c...
Generating code for file Core/Src/stm32g0xx_hal_msp.c...
Generating code for file Core/Src/stm32g0xx_it.c...
Generating code for file Core/Src/system_stm32g0xx.c...
Generating code for file firmware/app/app.c...
Generating code for file firmware/app/app.h...
Generating code for file firmware/configs/app_config.h...
Parsing code for file firmware/docs/overview.md...
Generating file documentation...
Generating docs for file Core/Inc/main.h...
Generating caller graph for function Error_Handler
Generating docs for file Core/Inc/stm32g0xx_hal_conf.h...
Generating docs for file Core/Inc/stm32g0xx_it.h...
Generating docs for file Core/Src/main.c...
Generating call graph for function app_start
Generating caller graph for function app_start
Generating caller graph for function Error_Handler
Generating call graph for function main
Generating call graph for function SystemClock_Config
Generating caller graph for function SystemClock_Config
Generating docs for file Core/Src/stm32g0xx_hal_msp.c...
Generating docs for file Core/Src/stm32g0xx_it.c...
Generating docs for file Core/Src/system_stm32g0xx.c...
Generating docs for file firmware/app/app.c...
Generating call graph for function app_start
Generating caller graph for function app_start
Generating call graph for function delay_us
Generating caller graph for function delay_us
Generating caller graph for function led_set
Generating call graph for function measure_distance_cm
Generating caller graph for function measure_distance_cm
Generating call graph for function peripherals_init
Generating caller graph for function peripherals_init
Generating caller graph for function print_line
Generating caller graph for function timer_elapsed
Generating call graph for function wait_for_echo
Generating caller graph for function wait_for_echo
Generating docs for file firmware/app/app.h...
Generating docs for file firmware/configs/app_config.h...
Generating docs for file firmware/docs/overview.md...
Generating page documentation...
Generating group documentation...
Generating dependency graph for group CMSIS
Generating dependency graph for group STM32G0xx_System_Private_Defines
Generating dependency graph for group STM32G0xx_System_Private_FunctionPrototypes
Generating dependency graph for group STM32G0xx_System_Private_Functions
Generating dependency graph for group STM32G0xx_System_Private_Includes
Generating dependency graph for group STM32G0xx_System_Private_Macros
Generating dependency graph for group STM32G0xx_System_Private_TypesDefinitions
Generating dependency graph for group STM32G0xx_System_Private_Variables
Generating dependency graph for group stm32g0xx_system
Generating class documentation...
Generating concept documentation...
Generating module documentation...
Generating namespace documentation...
Generating graph info page...
Generating directory documentation...
Generating dependency graph for directory firmware/app
Generating dependency graph for directory firmware/configs
Generating dependency graph for directory Core
Generating dependency graph for directory firmware/docs
Generating dependency graph for directory firmware
Generating dependency graph for directory Core/Inc
Generating dependency graph for directory Core/Src
Generating index page...
Generating main page...
Generating page index...
Generating topic index...
Generating module index...
Generating module member index...
Generating namespace index...
Generating namespace member index...
Generating concept index...
Generating annotated compound index...
Generating alphabetical compound index...
Generating hierarchical class index...
Generating graphical class hierarchy...
Generating member index...
Generating file index...
Generating file member index...
Generating example index...
finalizing index lists...
writing tag file...
Running plantuml with JAVA...
Running mermaid (mmdc)...
Running dot...
Generating 48 dot graphs using 9 parallel threads with batch size 50...
Finished running dot for graphs 1-6/48
Finished running dot for graphs 7-12/48
Finished running dot for graphs 13-18/48
Finished running dot for graphs 19-23/48
Finished running dot for graphs 24-28/48
Finished running dot for graphs 29-33/48
Finished running dot for graphs 34-38/48
Finished running dot for graphs 39-43/48
Finished running dot for graphs 44-48/48
Patching output file 1/74
Patching output file 2/74
Patching output file 3/74
Patching output file 4/74
Patching output file 5/74
Patching output file 6/74
Patching output file 7/74
Patching output file 8/74
Patching output file 9/74
Patching output file 10/74
Patching output file 11/74
Patching output file 12/74
Patching output file 13/74
Patching output file 14/74
Patching output file 15/74
Patching output file 16/74
Patching output file 17/74
Patching output file 18/74
Patching output file 19/74
Patching output file 20/74
Patching output file 21/74
Patching output file 22/74
Patching output file 23/74
Patching output file 24/74
Patching output file 25/74
Patching output file 26/74
Patching output file 27/74
Patching output file 28/74
Patching output file 29/74
Patching output file 30/74
Patching output file 31/74
Patching output file 32/74
Patching output file 33/74
Patching output file 34/74
Patching output file 35/74
Patching output file 36/74
Patching output file 37/74
Patching output file 38/74
Patching output file 39/74
Patching output file 40/74
Patching output file 41/74
Patching output file 42/74
Patching output file 43/74
Patching output file 44/74
Patching output file 45/74
Patching output file 46/74
Patching output file 47/74
Patching output file 48/74
Patching output file 49/74
Patching output file 50/74
Patching output file 51/74
Patching output file 52/74
Patching output file 53/74
Patching output file 54/74
Patching output file 55/74
Patching output file 56/74
Patching output file 57/74
Patching output file 58/74
Patching output file 59/74
Patching output file 60/74
Patching output file 61/74
Patching output file 62/74
Patching output file 63/74
Patching output file 64/74
Patching output file 65/74
Patching output file 66/74
Patching output file 67/74
Patching output file 68/74
Patching output file 69/74
Patching output file 70/74
Patching output file 71/74
Patching output file 72/74
Patching output file 73/74
Patching output file 74/74
type lookup cache used 144/262144 hits=492 misses=279
symbol lookup cache used 228/262144 hits=140 misses=228
finished...
