Archive member included to satisfy reference by file (symbol)

C:/ST/STM32CubeCLT_1.22.0/GNU-tools-for-STM32/bin/../lib/gcc/arm-none-eabi/14.3.1/../../../../arm-none-eabi/lib/thumb/v6-m/nofp\libc_nano.a(libc_a-exit.o)
                              C:/ST/STM32CubeCLT_1.22.0/GNU-tools-for-STM32/bin/../lib/gcc/arm-none-eabi/14.3.1/../../../../arm-none-eabi/lib/thumb/v6-m/nofp/crt0.o (exit)
C:/ST/STM32CubeCLT_1.22.0/GNU-tools-for-STM32/bin/../lib/gcc/arm-none-eabi/14.3.1/../../../../arm-none-eabi/lib/thumb/v6-m/nofp\libc_nano.a(libc_a-findfp.o)
                              C:/ST/STM32CubeCLT_1.22.0/GNU-tools-for-STM32/bin/../lib/gcc/arm-none-eabi/14.3.1/../../../../arm-none-eabi/lib/thumb/v6-m/nofp\libc_nano.a(libc_a-exit.o) (__stdio_exit_handler)
C:/ST/STM32CubeCLT_1.22.0/GNU-tools-for-STM32/bin/../lib/gcc/arm-none-eabi/14.3.1/../../../../arm-none-eabi/lib/thumb/v6-m/nofp\libc_nano.a(libc_a-fwalk.o)
                              C:/ST/STM32CubeCLT_1.22.0/GNU-tools-for-STM32/bin/../lib/gcc/arm-none-eabi/14.3.1/../../../../arm-none-eabi/lib/thumb/v6-m/nofp\libc_nano.a(libc_a-findfp.o) (_fwalk_sglue)
C:/ST/STM32CubeCLT_1.22.0/GNU-tools-for-STM32/bin/../lib/gcc/arm-none-eabi/14.3.1/../../../../arm-none-eabi/lib/thumb/v6-m/nofp\libc_nano.a(libc_a-stdio.o)
                              C:/ST/STM32CubeCLT_1.22.0/GNU-tools-for-STM32/bin/../lib/gcc/arm-none-eabi/14.3.1/../../../../arm-none-eabi/lib/thumb/v6-m/nofp\libc_nano.a(libc_a-findfp.o) (__sread)
C:/ST/STM32CubeCLT_1.22.0/GNU-tools-for-STM32/bin/../lib/gcc/arm-none-eabi/14.3.1/../../../../arm-none-eabi/lib/thumb/v6-m/nofp\libc_nano.a(libc_a-memset.o)
                              C:/ST/STM32CubeCLT_1.22.0/GNU-tools-for-STM32/bin/../lib/gcc/arm-none-eabi/14.3.1/../../../../arm-none-eabi/lib/thumb/v6-m/nofp/crt0.o (memset)
C:/ST/STM32CubeCLT_1.22.0/GNU-tools-for-STM32/bin/../lib/gcc/arm-none-eabi/14.3.1/../../../../arm-none-eabi/lib/thumb/v6-m/nofp\libc_nano.a(libc_a-closer.o)
                              C:/ST/STM32CubeCLT_1.22.0/GNU-tools-for-STM32/bin/../lib/gcc/arm-none-eabi/14.3.1/../../../../arm-none-eabi/lib/thumb/v6-m/nofp\libc_nano.a(libc_a-stdio.o) (_close_r)
C:/ST/STM32CubeCLT_1.22.0/GNU-tools-for-STM32/bin/../lib/gcc/arm-none-eabi/14.3.1/../../../../arm-none-eabi/lib/thumb/v6-m/nofp\libc_nano.a(libc_a-reent.o)
                              C:/ST/STM32CubeCLT_1.22.0/GNU-tools-for-STM32/bin/../lib/gcc/arm-none-eabi/14.3.1/../../../../arm-none-eabi/lib/thumb/v6-m/nofp\libc_nano.a(libc_a-closer.o) (errno)
C:/ST/STM32CubeCLT_1.22.0/GNU-tools-for-STM32/bin/../lib/gcc/arm-none-eabi/14.3.1/../../../../arm-none-eabi/lib/thumb/v6-m/nofp\libc_nano.a(libc_a-impure.o)
                              C:/ST/STM32CubeCLT_1.22.0/GNU-tools-for-STM32/bin/../lib/gcc/arm-none-eabi/14.3.1/../../../../arm-none-eabi/lib/thumb/v6-m/nofp\libc_nano.a(libc_a-reent.o) (_impure_ptr)
C:/ST/STM32CubeCLT_1.22.0/GNU-tools-for-STM32/bin/../lib/gcc/arm-none-eabi/14.3.1/../../../../arm-none-eabi/lib/thumb/v6-m/nofp\libc_nano.a(libc_a-lseekr.o)
                              C:/ST/STM32CubeCLT_1.22.0/GNU-tools-for-STM32/bin/../lib/gcc/arm-none-eabi/14.3.1/../../../../arm-none-eabi/lib/thumb/v6-m/nofp\libc_nano.a(libc_a-stdio.o) (_lseek_r)
C:/ST/STM32CubeCLT_1.22.0/GNU-tools-for-STM32/bin/../lib/gcc/arm-none-eabi/14.3.1/../../../../arm-none-eabi/lib/thumb/v6-m/nofp\libc_nano.a(libc_a-readr.o)
                              C:/ST/STM32CubeCLT_1.22.0/GNU-tools-for-STM32/bin/../lib/gcc/arm-none-eabi/14.3.1/../../../../arm-none-eabi/lib/thumb/v6-m/nofp\libc_nano.a(libc_a-stdio.o) (_read_r)
C:/ST/STM32CubeCLT_1.22.0/GNU-tools-for-STM32/bin/../lib/gcc/arm-none-eabi/14.3.1/../../../../arm-none-eabi/lib/thumb/v6-m/nofp\libc_nano.a(libc_a-writer.o)
                              C:/ST/STM32CubeCLT_1.22.0/GNU-tools-for-STM32/bin/../lib/gcc/arm-none-eabi/14.3.1/../../../../arm-none-eabi/lib/thumb/v6-m/nofp\libc_nano.a(libc_a-stdio.o) (_write_r)
C:/ST/STM32CubeCLT_1.22.0/GNU-tools-for-STM32/bin/../lib/gcc/arm-none-eabi/14.3.1/../../../../arm-none-eabi/lib/thumb/v6-m/nofp\libc_nano.a(libc_a-init.o)
                              C:/ST/STM32CubeCLT_1.22.0/GNU-tools-for-STM32/bin/../lib/gcc/arm-none-eabi/14.3.1/../../../../arm-none-eabi/lib/thumb/v6-m/nofp/crt0.o (__libc_init_array)
C:/ST/STM32CubeCLT_1.22.0/GNU-tools-for-STM32/bin/../lib/gcc/arm-none-eabi/14.3.1/../../../../arm-none-eabi/lib/thumb/v6-m/nofp\libc_nano.a(libc_a-lock.o)
                              C:/ST/STM32CubeCLT_1.22.0/GNU-tools-for-STM32/bin/../lib/gcc/arm-none-eabi/14.3.1/../../../../arm-none-eabi/lib/thumb/v6-m/nofp\libc_nano.a(libc_a-findfp.o) (__retarget_lock_init_recursive)
C:/ST/STM32CubeCLT_1.22.0/GNU-tools-for-STM32/bin/../lib/gcc/arm-none-eabi/14.3.1/../../../../arm-none-eabi/lib/thumb/v6-m/nofp\libc_nano.a(libc_a-freer.o)
                              C:/ST/STM32CubeCLT_1.22.0/GNU-tools-for-STM32/bin/../lib/gcc/arm-none-eabi/14.3.1/../../../../arm-none-eabi/lib/thumb/v6-m/nofp\libc_nano.a(libc_a-reent.o) (_free_r)
[...]
Memory Configuration

Name             Origin             Length             Attributes
RAM              0x20000000         0x00002000         xrw
FLASH            0x08000000         0x00010000         xr
*default*        0x00000000         0xffffffff

Linker script and memory map

LOAD C:/ST/STM32CubeCLT_1.22.0/GNU-tools-for-STM32/bin/../lib/gcc/arm-none-eabi/14.3.1/thumb/v6-m/nofp/crti.o
LOAD C:/ST/STM32CubeCLT_1.22.0/GNU-tools-for-STM32/bin/../lib/gcc/arm-none-eabi/14.3.1/thumb/v6-m/nofp/crtbegin.o
LOAD C:/ST/STM32CubeCLT_1.22.0/GNU-tools-for-STM32/bin/../lib/gcc/arm-none-eabi/14.3.1/../../../../arm-none-eabi/lib/thumb/v6-m/nofp/crt0.o
LOAD C:/ST/STM32CubeCLT_1.22.0/GNU-tools-for-STM32/bin/../lib/gcc/arm-none-eabi/14.3.1/../../../../arm-none-eabi/lib/thumb/v6-m/nofp\libc_nano.a
LOAD C:/ST/STM32CubeCLT_1.22.0/GNU-tools-for-STM32/bin/../lib/gcc/arm-none-eabi/14.3.1/../../../../arm-none-eabi/lib/thumb/v6-m/nofp\libm.a
LOAD CMakeFiles/ultrasonic_distance_bringup.elf.dir/Core/Src/main.c.obj
LOAD CMakeFiles/ultrasonic_distance_bringup.elf.dir/Core/Src/stm32g0xx_hal_msp.c.obj
LOAD CMakeFiles/ultrasonic_distance_bringup.elf.dir/Core/Src/stm32g0xx_it.c.obj
LOAD CMakeFiles/ultrasonic_distance_bringup.elf.dir/Core/Src/system_stm32g0xx.c.obj
LOAD CMakeFiles/ultrasonic_distance_bringup.elf.dir/Drivers/STM32G0xx_HAL_Driver/Src/stm32g0xx_hal.c.obj
LOAD CMakeFiles/ultrasonic_distance_bringup.elf.dir/Drivers/STM32G0xx_HAL_Driver/Src/stm32g0xx_hal_adc.c.obj
LOAD CMakeFiles/ultrasonic_distance_bringup.elf.dir/Drivers/STM32G0xx_HAL_Driver/Src/stm32g0xx_hal_adc_ex.c.obj
LOAD CMakeFiles/ultrasonic_distance_bringup.elf.dir/Drivers/STM32G0xx_HAL_Driver/Src/stm32g0xx_hal_cec.c.obj
LOAD CMakeFiles/ultrasonic_distance_bringup.elf.dir/Drivers/STM32G0xx_HAL_Driver/Src/stm32g0xx_hal_comp.c.obj
LOAD CMakeFiles/ultrasonic_distance_bringup.elf.dir/Drivers/STM32G0xx_HAL_Driver/Src/stm32g0xx_hal_cortex.c.obj
LOAD CMakeFiles/ultrasonic_distance_bringup.elf.dir/Drivers/STM32G0xx_HAL_Driver/Src/stm32g0xx_hal_crc.c.obj
LOAD CMakeFiles/ultrasonic_distance_bringup.elf.dir/Drivers/STM32G0xx_HAL_Driver/Src/stm32g0xx_hal_crc_ex.c.obj
LOAD CMakeFiles/ultrasonic_distance_bringup.elf.dir/Drivers/STM32G0xx_HAL_Driver/Src/stm32g0xx_hal_cryp.c.obj
LOAD CMakeFiles/ultrasonic_distance_bringup.elf.dir/Drivers/STM32G0xx_HAL_Driver/Src/stm32g0xx_hal_cryp_ex.c.obj
LOAD CMakeFiles/ultrasonic_distance_bringup.elf.dir/Drivers/STM32G0xx_HAL_Driver/Src/stm32g0xx_hal_dac.c.obj
LOAD CMakeFiles/ultrasonic_distance_bringup.elf.dir/Drivers/STM32G0xx_HAL_Driver/Src/stm32g0xx_hal_dac_ex.c.obj
LOAD CMakeFiles/ultrasonic_distance_bringup.elf.dir/Drivers/STM32G0xx_HAL_Driver/Src/stm32g0xx_hal_dma.c.obj
LOAD CMakeFiles/ultrasonic_distance_bringup.elf.dir/Drivers/STM32G0xx_HAL_Driver/Src/stm32g0xx_hal_dma_ex.c.obj
LOAD CMakeFiles/ultrasonic_distance_bringup.elf.dir/Drivers/STM32G0xx_HAL_Driver/Src/stm32g0xx_hal_exti.c.obj
LOAD CMakeFiles/ultrasonic_distance_bringup.elf.dir/Drivers/STM32G0xx_HAL_Driver/Src/stm32g0xx_hal_fdcan.c.obj
LOAD CMakeFiles/ultrasonic_distance_bringup.elf.dir/Drivers/STM32G0xx_HAL_Driver/Src/stm32g0xx_hal_flash.c.obj
LOAD CMakeFiles/ultrasonic_distance_bringup.elf.dir/Drivers/STM32G0xx_HAL_Driver/Src/stm32g0xx_hal_flash_ex.c.obj
LOAD CMakeFiles/ultrasonic_distance_bringup.elf.dir/Drivers/STM32G0xx_HAL_Driver/Src/stm32g0xx_hal_gpio.c.obj
LOAD CMakeFiles/ultrasonic_distance_bringup.elf.dir/Drivers/STM32G0xx_HAL_Driver/Src/stm32g0xx_hal_hcd.c.obj
LOAD CMakeFiles/ultrasonic_distance_bringup.elf.dir/Drivers/STM32G0xx_HAL_Driver/Src/stm32g0xx_hal_i2c.c.obj
LOAD CMakeFiles/ultrasonic_distance_bringup.elf.dir/Drivers/STM32G0xx_HAL_Driver/Src/stm32g0xx_hal_i2c_ex.c.obj
LOAD CMakeFiles/ultrasonic_distance_bringup.elf.dir/Drivers/STM32G0xx_HAL_Driver/Src/stm32g0xx_hal_i2s.c.obj
LOAD CMakeFiles/ultrasonic_distance_bringup.elf.dir/Drivers/STM32G0xx_HAL_Driver/Src/stm32g0xx_hal_irda.c.obj
LOAD CMakeFiles/ultrasonic_distance_bringup.elf.dir/Drivers/STM32G0xx_HAL_Driver/Src/stm32g0xx_hal_iwdg.c.obj
LOAD CMakeFiles/ultrasonic_distance_bringup.elf.dir/Drivers/STM32G0xx_HAL_Driver/Src/stm32g0xx_hal_lptim.c.obj
LOAD CMakeFiles/ultrasonic_distance_bringup.elf.dir/Drivers/STM32G0xx_HAL_Driver/Src/stm32g0xx_hal_pcd.c.obj
LOAD CMakeFiles/ultrasonic_distance_bringup.elf.dir/Drivers/STM32G0xx_HAL_Driver/Src/stm32g0xx_hal_pcd_ex.c.obj
LOAD CMakeFiles/ultrasonic_distance_bringup.elf.dir/Drivers/STM32G0xx_HAL_Driver/Src/stm32g0xx_hal_pwr.c.obj
LOAD CMakeFiles/ultrasonic_distance_bringup.elf.dir/Drivers/STM32G0xx_HAL_Driver/Src/stm32g0xx_hal_pwr_ex.c.obj
LOAD CMakeFiles/ultrasonic_distance_bringup.elf.dir/Drivers/STM32G0xx_HAL_Driver/Src/stm32g0xx_hal_rcc.c.obj
LOAD CMakeFiles/ultrasonic_distance_bringup.elf.dir/Drivers/STM32G0xx_HAL_Driver/Src/stm32g0xx_hal_rcc_ex.c.obj
LOAD CMakeFiles/ultrasonic_distance_bringup.elf.dir/Drivers/STM32G0xx_HAL_Driver/Src/stm32g0xx_hal_rng.c.obj
LOAD CMakeFiles/ultrasonic_distance_bringup.elf.dir/Drivers/STM32G0xx_HAL_Driver/Src/stm32g0xx_hal_rtc.c.obj
LOAD CMakeFiles/ultrasonic_distance_bringup.elf.dir/Drivers/STM32G0xx_HAL_Driver/Src/stm32g0xx_hal_rtc_ex.c.obj
LOAD CMakeFiles/ultrasonic_distance_bringup.elf.dir/Drivers/STM32G0xx_HAL_Driver/Src/stm32g0xx_hal_smartcard.c.obj
LOAD CMakeFiles/ultrasonic_distance_bringup.elf.dir/Drivers/STM32G0xx_HAL_Driver/Src/stm32g0xx_hal_smartcard_ex.c.obj
LOAD CMakeFiles/ultrasonic_distance_bringup.elf.dir/Drivers/STM32G0xx_HAL_Driver/Src/stm32g0xx_hal_smbus.c.obj
LOAD CMakeFiles/ultrasonic_distance_bringup.elf.dir/Drivers/STM32G0xx_HAL_Driver/Src/stm32g0xx_hal_smbus_ex.c.obj
LOAD CMakeFiles/ultrasonic_distance_bringup.elf.dir/Drivers/STM32G0xx_HAL_Driver/Src/stm32g0xx_hal_spi.c.obj
LOAD CMakeFiles/ultrasonic_distance_bringup.elf.dir/Drivers/STM32G0xx_HAL_Driver/Src/stm32g0xx_hal_spi_ex.c.obj
LOAD CMakeFiles/ultrasonic_distance_bringup.elf.dir/Drivers/STM32G0xx_HAL_Driver/Src/stm32g0xx_hal_tim.c.obj
LOAD CMakeFiles/ultrasonic_distance_bringup.elf.dir/Drivers/STM32G0xx_HAL_Driver/Src/stm32g0xx_hal_tim_ex.c.obj
LOAD CMakeFiles/ultrasonic_distance_bringup.elf.dir/Drivers/STM32G0xx_HAL_Driver/Src/stm32g0xx_hal_uart.c.obj
LOAD CMakeFiles/ultrasonic_distance_bringup.elf.dir/Drivers/STM32G0xx_HAL_Driver/Src/stm32g0xx_hal_uart_ex.c.obj
LOAD CMakeFiles/ultrasonic_distance_bringup.elf.dir/Drivers/STM32G0xx_HAL_Driver/Src/stm32g0xx_hal_usart.c.obj
LOAD CMakeFiles/ultrasonic_distance_bringup.elf.dir/Drivers/STM32G0xx_HAL_Driver/Src/stm32g0xx_hal_usart_ex.c.obj
LOAD CMakeFiles/ultrasonic_distance_bringup.elf.dir/Drivers/STM32G0xx_HAL_Driver/Src/stm32g0xx_hal_wwdg.c.obj
LOAD CMakeFiles/ultrasonic_distance_bringup.elf.dir/Drivers/STM32G0xx_HAL_Driver/Src/stm32g0xx_ll_adc.c.obj
LOAD CMakeFiles/ultrasonic_distance_bringup.elf.dir/Drivers/STM32G0xx_HAL_Driver/Src/stm32g0xx_ll_comp.c.obj
LOAD CMakeFiles/ultrasonic_distance_bringup.elf.dir/Drivers/STM32G0xx_HAL_Driver/Src/stm32g0xx_ll_crc.c.obj
LOAD CMakeFiles/ultrasonic_distance_bringup.elf.dir/Drivers/STM32G0xx_HAL_Driver/Src/stm32g0xx_ll_crs.c.obj
LOAD CMakeFiles/ultrasonic_distance_bringup.elf.dir/Drivers/STM32G0xx_HAL_Driver/Src/stm32g0xx_ll_dac.c.obj
LOAD CMakeFiles/ultrasonic_distance_bringup.elf.dir/Drivers/STM32G0xx_HAL_Driver/Src/stm32g0xx_ll_dma.c.obj
LOAD CMakeFiles/ultrasonic_distance_bringup.elf.dir/Drivers/STM32G0xx_HAL_Driver/Src/stm32g0xx_ll_exti.c.obj
LOAD CMakeFiles/ultrasonic_distance_bringup.elf.dir/Drivers/STM32G0xx_HAL_Driver/Src/stm32g0xx_ll_gpio.c.obj
LOAD CMakeFiles/ultrasonic_distance_bringup.elf.dir/Drivers/STM32G0xx_HAL_Driver/Src/stm32g0xx_ll_i2c.c.obj
LOAD CMakeFiles/ultrasonic_distance_bringup.elf.dir/Drivers/STM32G0xx_HAL_Driver/Src/stm32g0xx_ll_lptim.c.obj
LOAD CMakeFiles/ultrasonic_distance_bringup.elf.dir/Drivers/STM32G0xx_HAL_Driver/Src/stm32g0xx_ll_lpuart.c.obj
LOAD CMakeFiles/ultrasonic_distance_bringup.elf.dir/Drivers/STM32G0xx_HAL_Driver/Src/stm32g0xx_ll_pwr.c.obj
LOAD CMakeFiles/ultrasonic_distance_bringup.elf.dir/Drivers/STM32G0xx_HAL_Driver/Src/stm32g0xx_ll_rcc.c.obj
LOAD CMakeFiles/ultrasonic_distance_bringup.elf.dir/Drivers/STM32G0xx_HAL_Driver/Src/stm32g0xx_ll_rng.c.obj
LOAD CMakeFiles/ultrasonic_distance_bringup.elf.dir/Drivers/STM32G0xx_HAL_Driver/Src/stm32g0xx_ll_rtc.c.obj
LOAD CMakeFiles/ultrasonic_distance_bringup.elf.dir/Drivers/STM32G0xx_HAL_Driver/Src/stm32g0xx_ll_spi.c.obj
LOAD CMakeFiles/ultrasonic_distance_bringup.elf.dir/Drivers/STM32G0xx_HAL_Driver/Src/stm32g0xx_ll_tim.c.obj
LOAD CMakeFiles/ultrasonic_distance_bringup.elf.dir/Drivers/STM32G0xx_HAL_Driver/Src/stm32g0xx_ll_ucpd.c.obj
LOAD CMakeFiles/ultrasonic_distance_bringup.elf.dir/Drivers/STM32G0xx_HAL_Driver/Src/stm32g0xx_ll_usart.c.obj
LOAD CMakeFiles/ultrasonic_distance_bringup.elf.dir/Drivers/STM32G0xx_HAL_Driver/Src/stm32g0xx_ll_usb.c.obj
LOAD CMakeFiles/ultrasonic_distance_bringup.elf.dir/Drivers/STM32G0xx_HAL_Driver/Src/stm32g0xx_ll_utils.c.obj
LOAD CMakeFiles/ultrasonic_distance_bringup.elf.dir/firmware/app/app.c.obj
LOAD CMakeFiles/ultrasonic_distance_bringup.elf.dir/Core/Startup/startup_stm32g031xx.s.obj
START GROUP
LOAD C:/ST/STM32CubeCLT_1.22.0/GNU-tools-for-STM32/bin/../lib/gcc/arm-none-eabi/14.3.1/thumb/v6-m/nofp\libgcc.a
LOAD C:/ST/STM32CubeCLT_1.22.0/GNU-tools-for-STM32/bin/../lib/gcc/arm-none-eabi/14.3.1/../../../../arm-none-eabi/lib/thumb/v6-m/nofp\libg_nano.a
LOAD C:/ST/STM32CubeCLT_1.22.0/GNU-tools-for-STM32/bin/../lib/gcc/arm-none-eabi/14.3.1/../../../../arm-none-eabi/lib/thumb/v6-m/nofp\libc_nano.a
END GROUP
START GROUP
LOAD C:/ST/STM32CubeCLT_1.22.0/GNU-tools-for-STM32/bin/../lib/gcc/arm-none-eabi/14.3.1/thumb/v6-m/nofp\libgcc.a
LOAD C:/ST/STM32CubeCLT_1.22.0/GNU-tools-for-STM32/bin/../lib/gcc/arm-none-eabi/14.3.1/../../../../arm-none-eabi/lib/thumb/v6-m/nofp\libc_nano.a
LOAD C:/ST/STM32CubeCLT_1.22.0/GNU-tools-for-STM32/bin/../lib/gcc/arm-none-eabi/14.3.1/../../../../arm-none-eabi/lib/thumb/v6-m/nofp\libnosys.a
END GROUP
START GROUP
LOAD C:/ST/STM32CubeCLT_1.22.0/GNU-tools-for-STM32/bin/../lib/gcc/arm-none-eabi/14.3.1/thumb/v6-m/nofp\libgcc.a
LOAD C:/ST/STM32CubeCLT_1.22.0/GNU-tools-for-STM32/bin/../lib/gcc/arm-none-eabi/14.3.1/../../../../arm-none-eabi/lib/thumb/v6-m/nofp\libc_nano.a
LOAD C:/ST/STM32CubeCLT_1.22.0/GNU-tools-for-STM32/bin/../lib/gcc/arm-none-eabi/14.3.1/../../../../arm-none-eabi/lib/thumb/v6-m/nofp\libnosys.a
END GROUP
LOAD C:/ST/STM32CubeCLT_1.22.0/GNU-tools-for-STM32/bin/../lib/gcc/arm-none-eabi/14.3.1/thumb/v6-m/nofp/crtend.o
LOAD C:/ST/STM32CubeCLT_1.22.0/GNU-tools-for-STM32/bin/../lib/gcc/arm-none-eabi/14.3.1/thumb/v6-m/nofp/crtn.o
                0x20002000                        _estack = (ORIGIN (RAM) + LENGTH (RAM))
                0x00000200                        _Min_Heap_Size = 0x200
                0x00000400                        _Min_Stack_Size = 0x400

.isr_vector     0x08000000       0xbc
                0x08000000                        . = ALIGN (0x4)
 *(.isr_vector)
 .isr_vector    0x08000000       0xbc CMakeFiles/ultrasonic_distance_bringup.elf.dir/Core/Startup/startup_stm32g031xx.s.obj
                0x08000000                g_pfnVectors
                0x080000bc                        . = ALIGN (0x4)

.text           0x080000bc     0x3488
                0x080000bc                        . = ALIGN (0x4)
 *(.text)
 .text          0x080000bc       0x48 C:/ST/STM32CubeCLT_1.22.0/GNU-tools-for-STM32/bin/../lib/gcc/arm-none-eabi/14.3.1/thumb/v6-m/nofp/crtbegin.o
 .text          0x08000104      0x114 C:/ST/STM32CubeCLT_1.22.0/GNU-tools-for-STM32/bin/../lib/gcc/arm-none-eabi/14.3.1/thumb/v6-m/nofp\libgcc.a(_udivsi3.o)
                0x08000104                __aeabi_uidiv
                0x08000104                __udivsi3
                0x08000210                __aeabi_uidivmod
 .text          0x08000218        0x4 C:/ST/STM32CubeCLT_1.22.0/GNU-tools-for-STM32/bin/../lib/gcc/arm-none-eabi/14.3.1/thumb/v6-m/nofp\libgcc.a(_dvmd_tls.o)
                0x08000218                __aeabi_idiv0
                0x08000218                __aeabi_ldiv0
 .text          0x0800021c       0x40 C:/ST/STM32CubeCLT_1.22.0/GNU-tools-for-STM32/bin/../lib/gcc/arm-none-eabi/14.3.1/thumb/v6-m/nofp\libgcc.a(_aeabi_uldivmod.o)
                0x0800021c                __aeabi_uldivmod
 .text          0x0800025c      0x198 C:/ST/STM32CubeCLT_1.22.0/GNU-tools-for-STM32/bin/../lib/gcc/arm-none-eabi/14.3.1/thumb/v6-m/nofp\libgcc.a(_udivmoddi4.o)
                0x0800025c                __udivmoddi4
 .text          0x080003f4       0x18 C:/ST/STM32CubeCLT_1.22.0/GNU-tools-for-STM32/bin/../lib/gcc/arm-none-eabi/14.3.1/thumb/v6-m/nofp\libgcc.a(_clzdi2.o)
                0x080003f4                __clzdi2
 .text          0x0800040c       0x3c C:/ST/STM32CubeCLT_1.22.0/GNU-tools-for-STM32/bin/../lib/gcc/arm-none-eabi/14.3.1/thumb/v6-m/nofp\libgcc.a(_clzsi2.o)
                0x0800040c                __clzsi2
 .text          0x08000448        0xe C:/ST/STM32CubeCLT_1.22.0/GNU-tools-for-STM32/bin/../lib/gcc/arm-none-eabi/14.3.1/../../../../arm-none-eabi/lib/thumb/v6-m/nofp\libg_nano.a(libc_a-strlen.o)
                0x08000448                strlen
 *fill*         0x08000456        0x2 
 .text          0x08000458       0x14 C:/ST/STM32CubeCLT_1.22.0/GNU-tools-for-STM32/bin/../lib/gcc/arm-none-eabi/14.3.1/thumb/v6-m/nofp\libgcc.a(_thumb1_case_shi.o)
                0x08000458                __gnu_thumb1_case_shi
 *(.text*)
 .text.memset   0x0800046c       0x10 C:/ST/STM32CubeCLT_1.22.0/GNU-tools-for-STM32/bin/../lib/gcc/arm-none-eabi/14.3.1/../../../../arm-none-eabi/lib/thumb/v6-m/nofp\libc_nano.a(libc_a-memset.o)
                0x0800046c                memset
 .text.__libc_init_array
                0x0800047c       0x48 C:/ST/STM32CubeCLT_1.22.0/GNU-tools-for-STM32/bin/../lib/gcc/arm-none-eabi/14.3.1/../../../../arm-none-eabi/lib/thumb/v6-m/nofp\libc_nano.a(libc_a-init.o)
                0x0800047c                __libc_init_array
 .text.__retarget_lock_acquire_recursive
                0x080004c4        0x2 C:/ST/STM32CubeCLT_1.22.0/GNU-tools-for-STM32/bin/../lib/gcc/arm-none-eabi/14.3.1/../../../../arm-none-eabi/lib/thumb/v6-m/nofp\libc_nano.a(libc_a-lock.o)
                0x080004c4                __retarget_lock_acquire_recursive
 .text.__retarget_lock_release_recursive
                0x080004c6        0x2 C:/ST/STM32CubeCLT_1.22.0/GNU-tools-for-STM32/bin/../lib/gcc/arm-none-eabi/14.3.1/../../../../arm-none-eabi/lib/thumb/v6-m/nofp\libc_nano.a(libc_a-lock.o)
                0x080004c6                __retarget_lock_release_recursive
 .text._free_r  0x080004c8       0x94 C:/ST/STM32CubeCLT_1.22.0/GNU-tools-for-STM32/bin/../lib/gcc/arm-none-eabi/14.3.1/../../../../arm-none-eabi/lib/thumb/v6-m/nofp\libc_nano.a(libc_a-freer.o)
                0x080004c8                _free_r
 .text.sbrk_aligned
                0x0800055c       0x44 C:/ST/STM32CubeCLT_1.22.0/GNU-tools-for-STM32/bin/../lib/gcc/arm-none-eabi/14.3.1/../../../../arm-none-eabi/lib/thumb/v6-m/nofp\libc_nano.a(libc_a-mallocr.o)
 .text._malloc_r
                0x080005a0      0x100 C:/ST/STM32CubeCLT_1.22.0/GNU-tools-for-STM32/bin/../lib/gcc/arm-none-eabi/14.3.1/../../../../arm-none-eabi/lib/thumb/v6-m/nofp\libc_nano.a(libc_a-mallocr.o)
                0x080005a0                _malloc_r
 .text.__malloc_lock
                0x080006a0       0x10 C:/ST/STM32CubeCLT_1.22.0/GNU-tools-for-STM32/bin/../lib/gcc/arm-none-eabi/14.3.1/../../../../arm-none-eabi/lib/thumb/v6-m/nofp\libc_nano.a(libc_a-mlock.o)
                0x080006a0                __malloc_lock
 .text.__malloc_unlock
                0x080006b0       0x10 C:/ST/STM32CubeCLT_1.22.0/GNU-tools-for-STM32/bin/../lib/gcc/arm-none-eabi/14.3.1/../../../../arm-none-eabi/lib/thumb/v6-m/nofp\libc_nano.a(libc_a-mlock.o)
                0x080006b0                __malloc_unlock
 .text._sbrk_r  0x080006c0       0x24 C:/ST/STM32CubeCLT_1.22.0/GNU-tools-for-STM32/bin/../lib/gcc/arm-none-eabi/14.3.1/../../../../arm-none-eabi/lib/thumb/v6-m/nofp\libc_nano.a(libc_a-sbrkr.o)
                0x080006c0                _sbrk_r
 .text.main     0x080006e4       0x14 CMakeFiles/ultrasonic_distance_bringup.elf.dir/Core/Src/main.c.obj
                0x080006e4                main
 .text.SystemClock_Config
                0x080006f8       0xbc CMakeFiles/ultrasonic_distance_bringup.elf.dir/Core/Src/main.c.obj
                0x080006f8                SystemClock_Config
 .text.Error_Handler
                0x080007b4        0x8 CMakeFiles/ultrasonic_distance_bringup.elf.dir/Core/Src/main.c.obj
                0x080007b4                Error_Handler
 .text.HAL_MspInit
                0x080007bc       0x48 CMakeFiles/ultrasonic_distance_bringup.elf.dir/Core/Src/stm32g0xx_hal_msp.c.obj
                0x080007bc                HAL_MspInit
 .text.NMI_Handler
                0x08000804        0xa CMakeFiles/ultrasonic_distance_bringup.elf.dir/Core/Src/stm32g0xx_it.c.obj
                0x08000804                NMI_Handler
 .text.HardFault_Handler
                0x0800080e        0x8 CMakeFiles/ultrasonic_distance_bringup.elf.dir/Core/Src/stm32g0xx_it.c.obj
                0x0800080e                HardFault_Handler
 .text.SVC_Handler
                0x08000816        0xa CMakeFiles/ultrasonic_distance_bringup.elf.dir/Core/Src/stm32g0xx_it.c.obj
                0x08000816                SVC_Handler
 .text.PendSV_Handler
                0x08000820        0xa CMakeFiles/ultrasonic_distance_bringup.elf.dir/Core/Src/stm32g0xx_it.c.obj
                0x08000820                PendSV_Handler
 .text.SysTick_Handler
                0x0800082a        0xe CMakeFiles/ultrasonic_distance_bringup.elf.dir/Core/Src/stm32g0xx_it.c.obj
                0x0800082a                SysTick_Handler
 .text.SystemInit
                0x08000838       0x18 CMakeFiles/ultrasonic_distance_bringup.elf.dir/Core/Src/system_stm32g0xx.c.obj
                0x08000838                SystemInit
 .text.HAL_Init
                0x08000850       0x40 CMakeFiles/ultrasonic_distance_bringup.elf.dir/Drivers/STM32G0xx_HAL_Driver/Src/stm32g0xx_hal.c.obj
                0x08000850                HAL_Init
 .text.HAL_InitTick
                0x08000890       0x94 CMakeFiles/ultrasonic_distance_bringup.elf.dir/Drivers/STM32G0xx_HAL_Driver/Src/stm32g0xx_hal.c.obj
                0x08000890                HAL_InitTick
 .text.HAL_IncTick
                0x08000924       0x24 CMakeFiles/ultrasonic_distance_bringup.elf.dir/Drivers/STM32G0xx_HAL_Driver/Src/stm32g0xx_hal.c.obj
                0x08000924                HAL_IncTick
 .text.HAL_GetTick
                0x08000948       0x14 CMakeFiles/ultrasonic_distance_bringup.elf.dir/Drivers/STM32G0xx_HAL_Driver/Src/stm32g0xx_hal.c.obj
                0x08000948                HAL_GetTick
 .text.__NVIC_SetPriority
                0x0800095c       0xdc CMakeFiles/ultrasonic_distance_bringup.elf.dir/Drivers/STM32G0xx_HAL_Driver/Src/stm32g0xx_hal_cortex.c.obj
 .text.SysTick_Config
                0x08000a38       0x48 CMakeFiles/ultrasonic_distance_bringup.elf.dir/Drivers/STM32G0xx_HAL_Driver/Src/stm32g0xx_hal_cortex.c.obj
 .text.HAL_NVIC_SetPriority
                0x08000a80       0x2a CMakeFiles/ultrasonic_distance_bringup.elf.dir/Drivers/STM32G0xx_HAL_Driver/Src/stm32g0xx_hal_cortex.c.obj
                0x08000a80                HAL_NVIC_SetPriority
 .text.HAL_SYSTICK_Config
                0x08000aaa       0x1a CMakeFiles/ultrasonic_distance_bringup.elf.dir/Drivers/STM32G0xx_HAL_Driver/Src/stm32g0xx_hal_cortex.c.obj
                0x08000aaa                HAL_SYSTICK_Config
 .text.HAL_GPIO_Init
                0x08000ac4      0x2c8 CMakeFiles/ultrasonic_distance_bringup.elf.dir/Drivers/STM32G0xx_HAL_Driver/Src/stm32g0xx_hal_gpio.c.obj
                0x08000ac4                HAL_GPIO_Init
 .text.HAL_GPIO_ReadPin
                0x08000d8c       0x3a CMakeFiles/ultrasonic_distance_bringup.elf.dir/Drivers/STM32G0xx_HAL_Driver/Src/stm32g0xx_hal_gpio.c.obj
                0x08000d8c                HAL_GPIO_ReadPin
 .text.HAL_GPIO_WritePin
                0x08000dc6       0x3a CMakeFiles/ultrasonic_distance_bringup.elf.dir/Drivers/STM32G0xx_HAL_Driver/Src/stm32g0xx_hal_gpio.c.obj
                0x08000dc6                HAL_GPIO_WritePin
 .text.HAL_PWREx_ControlVoltageScaling
                0x08000e00       0x80 CMakeFiles/ultrasonic_distance_bringup.elf.dir/Drivers/STM32G0xx_HAL_Driver/Src/stm32g0xx_hal_pwr_ex.c.obj
                0x08000e00                HAL_PWREx_ControlVoltageScaling
 .text.LL_RCC_GetAPB1Prescaler
                0x08000e80       0x18 CMakeFiles/ultrasonic_distance_bringup.elf.dir/Drivers/STM32G0xx_HAL_Driver/Src/stm32g0xx_hal_rcc.c.obj
 .text.HAL_RCC_OscConfig
                0x08000e98      0x634 CMakeFiles/ultrasonic_distance_bringup.elf.dir/Drivers/STM32G0xx_HAL_Driver/Src/stm32g0xx_hal_rcc.c.obj
                0x08000e98                HAL_RCC_OscConfig
 .text.HAL_RCC_ClockConfig
                0x080014cc      0x210 CMakeFiles/ultrasonic_distance_bringup.elf.dir/Drivers/STM32G0xx_HAL_Driver/Src/stm32g0xx_hal_rcc.c.obj
                0x080014cc                HAL_RCC_ClockConfig
 .text.HAL_RCC_GetSysClockFreq
                0x080016dc      0x104 CMakeFiles/ultrasonic_distance_bringup.elf.dir/Drivers/STM32G0xx_HAL_Driver/Src/stm32g0xx_hal_rcc.c.obj
                0x080016dc                HAL_RCC_GetSysClockFreq
 .text.HAL_RCC_GetHCLKFreq
                0x080017e0       0x14 CMakeFiles/ultrasonic_distance_bringup.elf.dir/Drivers/STM32G0xx_HAL_Driver/Src/stm32g0xx_hal_rcc.c.obj
                0x080017e0                HAL_RCC_GetHCLKFreq
 .text.HAL_RCC_GetPCLK1Freq
                0x080017f4       0x2c CMakeFiles/ultrasonic_distance_bringup.elf.dir/Drivers/STM32G0xx_HAL_Driver/Src/stm32g0xx_hal_rcc.c.obj
                0x080017f4                HAL_RCC_GetPCLK1Freq
 .text.HAL_TIM_Base_Init
                0x08001820       0xb0 CMakeFiles/ultrasonic_distance_bringup.elf.dir/Drivers/STM32G0xx_HAL_Driver/Src/stm32g0xx_hal_tim.c.obj
                0x08001820                HAL_TIM_Base_Init
 .text.HAL_TIM_Base_MspInit
                0x080018d0       0x10 CMakeFiles/ultrasonic_distance_bringup.elf.dir/Drivers/STM32G0xx_HAL_Driver/Src/stm32g0xx_hal_tim.c.obj
                0x080018d0                HAL_TIM_Base_MspInit
 .text.HAL_TIM_Base_Start
                0x080018e0       0x98 CMakeFiles/ultrasonic_distance_bringup.elf.dir/Drivers/STM32G0xx_HAL_Driver/Src/stm32g0xx_hal_tim.c.obj
                0x080018e0                HAL_TIM_Base_Start
 .text.HAL_TIM_ConfigClockSource
                0x08001978      0x1ac CMakeFiles/ultrasonic_distance_bringup.elf.dir/Drivers/STM32G0xx_HAL_Driver/Src/stm32g0xx_hal_tim.c.obj
                0x08001978                HAL_TIM_ConfigClockSource
 .text.TIM_Base_SetConfig
                0x08001b24      0x100 CMakeFiles/ultrasonic_distance_bringup.elf.dir/Drivers/STM32G0xx_HAL_Driver/Src/stm32g0xx_hal_tim.c.obj
                0x08001b24                TIM_Base_SetConfig
 .text.TIM_TI1_ConfigInputStage
                0x08001c24       0x90 CMakeFiles/ultrasonic_distance_bringup.elf.dir/Drivers/STM32G0xx_HAL_Driver/Src/stm32g0xx_hal_tim.c.obj
 .text.TIM_TI2_ConfigInputStage
                0x08001cb4       0x7c CMakeFiles/ultrasonic_distance_bringup.elf.dir/Drivers/STM32G0xx_HAL_Driver/Src/stm32g0xx_hal_tim.c.obj
 .text.TIM_ITRx_SetConfig
                0x08001d30       0x38 CMakeFiles/ultrasonic_distance_bringup.elf.dir/Drivers/STM32G0xx_HAL_Driver/Src/stm32g0xx_hal_tim.c.obj
 .text.TIM_ETR_SetConfig
                0x08001d68       0x40 CMakeFiles/ultrasonic_distance_bringup.elf.dir/Drivers/STM32G0xx_HAL_Driver/Src/stm32g0xx_hal_tim.c.obj
                0x08001d68                TIM_ETR_SetConfig
 .text.HAL_UART_Init
                0x08001da8       0xac CMakeFiles/ultrasonic_distance_bringup.elf.dir/Drivers/STM32G0xx_HAL_Driver/Src/stm32g0xx_hal_uart.c.obj
                0x08001da8                HAL_UART_Init
 .text.HAL_UART_MspInit
                0x08001e54       0x10 CMakeFiles/ultrasonic_distance_bringup.elf.dir/Drivers/STM32G0xx_HAL_Driver/Src/stm32g0xx_hal_uart.c.obj
                0x08001e54                HAL_UART_MspInit
 .text.HAL_UART_Transmit
                0x08001e64      0x15c CMakeFiles/ultrasonic_distance_bringup.elf.dir/Drivers/STM32G0xx_HAL_Driver/Src/stm32g0xx_hal_uart.c.obj
                0x08001e64                HAL_UART_Transmit
 .text.UART_SetConfig
                0x08001fc0      0x4f0 CMakeFiles/ultrasonic_distance_bringup.elf.dir/Drivers/STM32G0xx_HAL_Driver/Src/stm32g0xx_hal_uart.c.obj
                0x08001fc0                UART_SetConfig
 .text.UART_AdvFeatureConfig
                0x080024b0      0x168 CMakeFiles/ultrasonic_distance_bringup.elf.dir/Drivers/STM32G0xx_HAL_Driver/Src/stm32g0xx_hal_uart.c.obj
                0x080024b0                UART_AdvFeatureConfig
 .text.UART_CheckIdleState
                0x08002618      0x154 CMakeFiles/ultrasonic_distance_bringup.elf.dir/Drivers/STM32G0xx_HAL_Driver/Src/stm32g0xx_hal_uart.c.obj
                0x08002618                UART_CheckIdleState
 .text.UART_WaitOnFlagUntilTimeout
                0x0800276c       0xde CMakeFiles/ultrasonic_distance_bringup.elf.dir/Drivers/STM32G0xx_HAL_Driver/Src/stm32g0xx_hal_uart.c.obj
                0x0800276c                UART_WaitOnFlagUntilTimeout
 *fill*         0x0800284a        0x2 
 .text.UART_EndRxTransfer
                0x0800284c       0xcc CMakeFiles/ultrasonic_distance_bringup.elf.dir/Drivers/STM32G0xx_HAL_Driver/Src/stm32g0xx_hal_uart.c.obj
 .text.led_set  0x08002918       0x34 CMakeFiles/ultrasonic_distance_bringup.elf.dir/firmware/app/app.c.obj
 .text.timer_elapsed
                0x0800294c       0x28 CMakeFiles/ultrasonic_distance_bringup.elf.dir/firmware/app/app.c.obj
 .text.delay_us
                0x08002974       0x40 CMakeFiles/ultrasonic_distance_bringup.elf.dir/firmware/app/app.c.obj
 .text.print_line
                0x080029b4       0x2c CMakeFiles/ultrasonic_distance_bringup.elf.dir/firmware/app/app.c.obj
 .text.peripherals_init
                0x080029e0      0x1f0 CMakeFiles/ultrasonic_distance_bringup.elf.dir/firmware/app/app.c.obj
 .text.wait_for_echo
                0x08002bd0       0x64 CMakeFiles/ultrasonic_distance_bringup.elf.dir/firmware/app/app.c.obj
 .text.measure_distance_cm
                0x08002c34       0xc4 CMakeFiles/ultrasonic_distance_bringup.elf.dir/firmware/app/app.c.obj
 .text.app_start
                0x08002cf8       0xec CMakeFiles/ultrasonic_distance_bringup.elf.dir/firmware/app/app.c.obj
                0x08002cf8                app_start
 .text.Reset_Handler
                0x08002de4       0x50 CMakeFiles/ultrasonic_distance_bringup.elf.dir/Core/Startup/startup_stm32g031xx.s.obj
                0x08002de4                Reset_Handler
 .text.Default_Handler
                0x08002e34        0x2 CMakeFiles/ultrasonic_distance_bringup.elf.dir/Core/Startup/startup_stm32g031xx.s.obj
                0x08002e34                TIM1_CC_IRQHandler
                0x08002e34                PVD_IRQHandler
                0x08002e34                I2C1_IRQHandler
                0x08002e34                LPTIM2_IRQHandler
                0x08002e34                RTC_TAMP_IRQHandler
                0x08002e34                SPI1_IRQHandler
                0x08002e34                DMA1_Ch4_5_DMAMUX1_OVR_IRQHandler
                0x08002e34                EXTI2_3_IRQHandler
                0x08002e34                ADC1_IRQHandler
                0x08002e34                I2C2_IRQHandler
                0x08002e34                TIM17_IRQHandler
                0x08002e34                TIM16_IRQHandler
                0x08002e34                TIM3_IRQHandler
                0x08002e34                EXTI4_15_IRQHandler
                0x08002e34                RCC_IRQHandler
                0x08002e34                DMA1_Channel1_IRQHandler
                0x08002e34                Default_Handler
                0x08002e34                TIM14_IRQHandler
                0x08002e34                EXTI0_1_IRQHandler
                0x08002e34                SPI2_IRQHandler
                0x08002e34                WWDG_IRQHandler
                0x08002e34                LPUART1_IRQHandler
                0x08002e34                TIM2_IRQHandler
                0x08002e34                DMA1_Channel2_3_IRQHandler
                0x08002e34                USART2_IRQHandler
                0x08002e34                FLASH_IRQHandler
                0x08002e34                USART1_IRQHandler
                0x08002e34                TIM1_BRK_UP_TRG_COM_IRQHandler
                0x08002e34                LPTIM1_IRQHandler
 *fill*         0x08002e36        0x2 
 .text.snprintf
                0x08002e38       0x68 C:/ST/STM32CubeCLT_1.22.0/GNU-tools-for-STM32/bin/../lib/gcc/arm-none-eabi/14.3.1/../../../../arm-none-eabi/lib/thumb/v6-m/nofp\libg_nano.a(libc_a-snprintf.o)
                0x08002e38                sniprintf
                0x08002e38                snprintf
 .text.__ssputs_r
                0x08002ea0       0xc8 C:/ST/STM32CubeCLT_1.22.0/GNU-tools-for-STM32/bin/../lib/gcc/arm-none-eabi/14.3.1/../../../../arm-none-eabi/lib/thumb/v6-m/nofp\libg_nano.a(libc_a-nano-svfprintf.o)
                0x08002ea0                __ssputs_r
 .text._svfprintf_r
                0x08002f68      0x1f4 C:/ST/STM32CubeCLT_1.22.0/GNU-tools-for-STM32/bin/../lib/gcc/arm-none-eabi/14.3.1/../../../../arm-none-eabi/lib/thumb/v6-m/nofp\libg_nano.a(libc_a-nano-svfprintf.o)
                0x08002f68                _svfiprintf_r
                0x08002f68                _svfprintf_r
 .text._printf_common
                0x0800315c       0xde C:/ST/STM32CubeCLT_1.22.0/GNU-tools-for-STM32/bin/../lib/gcc/arm-none-eabi/14.3.1/../../../../arm-none-eabi/lib/thumb/v6-m/nofp\libg_nano.a(libc_a-nano-vfprintf_i.o)
                0x0800315c                _printf_common
 *fill*         0x0800323a        0x2 
 .text._printf_i
                0x0800323c      0x218 C:/ST/STM32CubeCLT_1.22.0/GNU-tools-for-STM32/bin/../lib/gcc/arm-none-eabi/14.3.1/../../../../arm-none-eabi/lib/thumb/v6-m/nofp\libg_nano.a(libc_a-nano-vfprintf_i.o)
                0x0800323c                _printf_i
 .text.memmove  0x08003454       0x24 C:/ST/STM32CubeCLT_1.22.0/GNU-tools-for-STM32/bin/../lib/gcc/arm-none-eabi/14.3.1/../../../../arm-none-eabi/lib/thumb/v6-m/nofp\libg_nano.a(libc_a-memmove.o)
                0x08003454                memmove
 .text.memchr   0x08003478       0x16 C:/ST/STM32CubeCLT_1.22.0/GNU-tools-for-STM32/bin/../lib/gcc/arm-none-eabi/14.3.1/../../../../arm-none-eabi/lib/thumb/v6-m/nofp\libg_nano.a(libc_a-memchr-stub.o)
                0x08003478                memchr
 .text.memcpy   0x0800348e       0x12 C:/ST/STM32CubeCLT_1.22.0/GNU-tools-for-STM32/bin/../lib/gcc/arm-none-eabi/14.3.1/../../../../arm-none-eabi/lib/thumb/v6-m/nofp\libg_nano.a(libc_a-memcpy-stub.o)
                0x0800348e                memcpy
 .text._realloc_r
                0x080034a0       0x60 C:/ST/STM32CubeCLT_1.22.0/GNU-tools-for-STM32/bin/../lib/gcc/arm-none-eabi/14.3.1/../../../../arm-none-eabi/lib/thumb/v6-m/nofp\libg_nano.a(libc_a-reallocr.o)
                0x080034a0                _realloc_r
 .text._malloc_usable_size_r
                0x08003500       0x10 C:/ST/STM32CubeCLT_1.22.0/GNU-tools-for-STM32/bin/../lib/gcc/arm-none-eabi/14.3.1/../../../../arm-none-eabi/lib/thumb/v6-m/nofp\libg_nano.a(libc_a-msizer.o)
                0x08003500                _malloc_usable_size_r
 .text._sbrk    0x08003510       0x1c C:/ST/STM32CubeCLT_1.22.0/GNU-tools-for-STM32/bin/../lib/gcc/arm-none-eabi/14.3.1/../../../../arm-none-eabi/lib/thumb/v6-m/nofp\libnosys.a(sbrk.o)
                0x08003510                _sbrk
 *(.glue_7)
 .glue_7        0x0800352c        0x0 linker stubs
 *(.glue_7t)
 .glue_7t       0x0800352c        0x0 linker stubs
 *(.eh_frame)
 .eh_frame      0x0800352c        0x0 C:/ST/STM32CubeCLT_1.22.0/GNU-tools-for-STM32/bin/../lib/gcc/arm-none-eabi/14.3.1/thumb/v6-m/nofp/crtbegin.o
 *(.init)
 .init          0x0800352c        0x4 C:/ST/STM32CubeCLT_1.22.0/GNU-tools-for-STM32/bin/../lib/gcc/arm-none-eabi/14.3.1/thumb/v6-m/nofp/crti.o
                0x0800352c                _init
 .init          0x08003530        0x8 C:/ST/STM32CubeCLT_1.22.0/GNU-tools-for-STM32/bin/../lib/gcc/arm-none-eabi/14.3.1/thumb/v6-m/nofp/crtn.o
 *(.fini)
 .fini          0x08003538        0x4 C:/ST/STM32CubeCLT_1.22.0/GNU-tools-for-STM32/bin/../lib/gcc/arm-none-eabi/14.3.1/thumb/v6-m/nofp/crti.o
                0x08003538                _fini
 .fini          0x0800353c        0x8 C:/ST/STM32CubeCLT_1.22.0/GNU-tools-for-STM32/bin/../lib/gcc/arm-none-eabi/14.3.1/thumb/v6-m/nofp/crtn.o
                0x08003544                        . = ALIGN (0x4)
                0x08003544                        _etext = .

.vfp11_veneer   0x08003544        0x0
 .vfp11_veneer  0x08003544        0x0 linker stubs

.v4_bx          0x08003544        0x0
 .v4_bx         0x08003544        0x0 linker stubs

.iplt           0x08003544        0x0
 .iplt          0x08003544        0x0 C:/ST/STM32CubeCLT_1.22.0/GNU-tools-for-STM32/bin/../lib/gcc/arm-none-eabi/14.3.1/thumb/v6-m/nofp/crtbegin.o

.rodata         0x08003544      0x140
                0x08003544                        . = ALIGN (0x4)
 *(.rodata)
 .rodata        0x08003544       0x92 CMakeFiles/ultrasonic_distance_bringup.elf.dir/firmware/app/app.c.obj
 *(.rodata*)
 *fill*         0x080035d6        0x2 
 .rodata.AHBPrescTable
                0x080035d8       0x40 CMakeFiles/ultrasonic_distance_bringup.elf.dir/Core/Src/system_stm32g0xx.c.obj
                0x080035d8                AHBPrescTable
 .rodata.APBPrescTable
                0x08003618       0x20 CMakeFiles/ultrasonic_distance_bringup.elf.dir/Core/Src/system_stm32g0xx.c.obj
                0x08003618                APBPrescTable
 .rodata.UARTPrescTable
                0x08003638       0x18 CMakeFiles/ultrasonic_distance_bringup.elf.dir/Drivers/STM32G0xx_HAL_Driver/Src/stm32g0xx_hal_uart.c.obj
                0x08003638                UARTPrescTable
 .rodata._svfprintf_r.str1.1
                0x08003650       0x33 C:/ST/STM32CubeCLT_1.22.0/GNU-tools-for-STM32/bin/../lib/gcc/arm-none-eabi/14.3.1/../../../../arm-none-eabi/lib/thumb/v6-m/nofp\libg_nano.a(libc_a-nano-svfprintf.o)
                                 0x11 (size before relaxing)
 .rodata._printf_i.str1.1
                0x08003683       0x22 C:/ST/STM32CubeCLT_1.22.0/GNU-tools-for-STM32/bin/../lib/gcc/arm-none-eabi/14.3.1/../../../../arm-none-eabi/lib/thumb/v6-m/nofp\libg_nano.a(libc_a-nano-vfprintf_i.o)
                0x080036a8                        . = ALIGN (0x4)
 *fill*         0x08003683        0x1 

.ARM.extab      0x08003684        0x0
                0x08003684                        . = ALIGN (0x4)
 *(.ARM.extab* .gnu.linkonce.armextab.*)
                0x08003684                        . = ALIGN (0x4)

.ARM            0x08003684        0x8
                0x08003684                        . = ALIGN (0x4)
                0x08003684                        __exidx_start = .
 *(.ARM.exidx*)
 .ARM.exidx     0x08003684        0x8 C:/ST/STM32CubeCLT_1.22.0/GNU-tools-for-STM32/bin/../lib/gcc/arm-none-eabi/14.3.1/thumb/v6-m/nofp\libgcc.a(_udivmoddi4.o)
                0x0800368c                        __exidx_end = .
                0x0800368c                        . = ALIGN (0x4)

.preinit_array  0x0800368c        0x0
                0x0800368c                        . = ALIGN (0x4)
                0x0800368c                        PROVIDE (__preinit_array_start = .)
 *(.preinit_array*)
                0x0800368c                        PROVIDE (__preinit_array_end = .)
                0x0800368c                        . = ALIGN (0x4)

.init_array     0x0800368c        0x4
                0x0800368c                        . = ALIGN (0x4)
                0x0800368c                        PROVIDE (__init_array_start = .)
 *(SORT_BY_NAME(.init_array.*))
 *(.init_array*)
 .init_array    0x0800368c        0x4 C:/ST/STM32CubeCLT_1.22.0/GNU-tools-for-STM32/bin/../lib/gcc/arm-none-eabi/14.3.1/thumb/v6-m/nofp/crtbegin.o
                0x08003690                        PROVIDE (__init_array_end = .)
                0x08003690                        . = ALIGN (0x4)

.fini_array     0x08003690        0x4
                0x08003690                        . = ALIGN (0x4)
                [!provide]                        PROVIDE (__fini_array_start = .)
 *(SORT_BY_NAME(.fini_array.*))
 *(.fini_array*)
 .fini_array    0x08003690        0x4 C:/ST/STM32CubeCLT_1.22.0/GNU-tools-for-STM32/bin/../lib/gcc/arm-none-eabi/14.3.1/thumb/v6-m/nofp/crtbegin.o
                [!provide]                        PROVIDE (__fini_array_end = .)
                0x08003694                        . = ALIGN (0x4)
                0x08003694                        _sidata = LOADADDR (.data)

.rel.dyn        0x08003694        0x0
 .rel.iplt      0x08003694        0x0 C:/ST/STM32CubeCLT_1.22.0/GNU-tools-for-STM32/bin/../lib/gcc/arm-none-eabi/14.3.1/thumb/v6-m/nofp/crtbegin.o

.data           0x20000000       0x5c load address 0x08003694
                0x20000000                        . = ALIGN (0x4)
                0x20000000                        _sdata = .
 *(.data)
 *(.data*)
 .data._impure_ptr
                0x20000000        0x4 C:/ST/STM32CubeCLT_1.22.0/GNU-tools-for-STM32/bin/../lib/gcc/arm-none-eabi/14.3.1/../../../../arm-none-eabi/lib/thumb/v6-m/nofp\libc_nano.a(libc_a-impure.o)
                0x20000000                _impure_ptr
 .data._impure_data
                0x20000004       0x4c C:/ST/STM32CubeCLT_1.22.0/GNU-tools-for-STM32/bin/../lib/gcc/arm-none-eabi/14.3.1/../../../../arm-none-eabi/lib/thumb/v6-m/nofp\libc_nano.a(libc_a-impure.o)
                0x20000004                _impure_data
 .data.SystemCoreClock
                0x20000050        0x4 CMakeFiles/ultrasonic_distance_bringup.elf.dir/Core/Src/system_stm32g0xx.c.obj
                0x20000050                SystemCoreClock
 .data.uwTickPrio
                0x20000054        0x4 CMakeFiles/ultrasonic_distance_bringup.elf.dir/Drivers/STM32G0xx_HAL_Driver/Src/stm32g0xx_hal.c.obj
                0x20000054                uwTickPrio
 .data.uwTickFreq
                0x20000058        0x1 CMakeFiles/ultrasonic_distance_bringup.elf.dir/Drivers/STM32G0xx_HAL_Driver/Src/stm32g0xx_hal.c.obj
                0x20000058                uwTickFreq
                0x2000005c                        . = ALIGN (0x4)
 *fill*         0x20000059        0x3 
                0x2000005c                        _edata = .

.igot.plt       0x2000005c        0x0 load address 0x080036f0
 .igot.plt      0x2000005c        0x0 C:/ST/STM32CubeCLT_1.22.0/GNU-tools-for-STM32/bin/../lib/gcc/arm-none-eabi/14.3.1/thumb/v6-m/nofp/crtbegin.o
                0x2000005c                        . = ALIGN (0x4)

.bss            0x2000005c      0x24c load address 0x080036f0
                0x2000005c                        _sbss = .
                0x2000005c                        __bss_start__ = _sbss
 *(.bss)
 .bss           0x2000005c       0x1c C:/ST/STM32CubeCLT_1.22.0/GNU-tools-for-STM32/bin/../lib/gcc/arm-none-eabi/14.3.1/thumb/v6-m/nofp/crtbegin.o
 *(.bss*)
 .bss.__sf      0x20000078      0x138 C:/ST/STM32CubeCLT_1.22.0/GNU-tools-for-STM32/bin/../lib/gcc/arm-none-eabi/14.3.1/../../../../arm-none-eabi/lib/thumb/v6-m/nofp\libc_nano.a(libc_a-findfp.o)
                0x20000078                __sf
 .bss.errno     0x200001b0        0x4 C:/ST/STM32CubeCLT_1.22.0/GNU-tools-for-STM32/bin/../lib/gcc/arm-none-eabi/14.3.1/../../../../arm-none-eabi/lib/thumb/v6-m/nofp\libc_nano.a(libc_a-reent.o)
                0x200001b0                errno
 .bss.__lock___malloc_recursive_mutex
                0x200001b4        0x1 C:/ST/STM32CubeCLT_1.22.0/GNU-tools-for-STM32/bin/../lib/gcc/arm-none-eabi/14.3.1/../../../../arm-none-eabi/lib/thumb/v6-m/nofp\libc_nano.a(libc_a-lock.o)
                0x200001b4                __lock___malloc_recursive_mutex
 *fill*         0x200001b5        0x3 
 .bss.__malloc_sbrk_start
                0x200001b8        0x4 C:/ST/STM32CubeCLT_1.22.0/GNU-tools-for-STM32/bin/../lib/gcc/arm-none-eabi/14.3.1/../../../../arm-none-eabi/lib/thumb/v6-m/nofp\libc_nano.a(libc_a-mallocr.o)
                0x200001b8                __malloc_sbrk_start
 .bss.__malloc_free_list
                0x200001bc        0x4 C:/ST/STM32CubeCLT_1.22.0/GNU-tools-for-STM32/bin/../lib/gcc/arm-none-eabi/14.3.1/../../../../arm-none-eabi/lib/thumb/v6-m/nofp\libc_nano.a(libc_a-mallocr.o)
                0x200001bc                __malloc_free_list
 .bss.uwTick    0x200001c0        0x4 CMakeFiles/ultrasonic_distance_bringup.elf.dir/Drivers/STM32G0xx_HAL_Driver/Src/stm32g0xx_hal.c.obj
                0x200001c0                uwTick
 .bss.uart      0x200001c4       0x94 CMakeFiles/ultrasonic_distance_bringup.elf.dir/firmware/app/app.c.obj
 .bss.echo_timer
                0x20000258       0x4c CMakeFiles/ultrasonic_distance_bringup.elf.dir/firmware/app/app.c.obj
 .bss.heap_end.0
                0x200002a4        0x4 C:/ST/STM32CubeCLT_1.22.0/GNU-tools-for-STM32/bin/../lib/gcc/arm-none-eabi/14.3.1/../../../../arm-none-eabi/lib/thumb/v6-m/nofp\libnosys.a(sbrk.o)
 *(COMMON)
                0x200002a8                        . = ALIGN (0x4)
                0x200002a8                        _ebss = .
                0x200002a8                        __bss_end__ = _ebss

._user_heap_stack
                0x200002a8      0x600 load address 0x080036f0
                0x200002a8                        . = ALIGN (0x8)
                0x200002a8                        PROVIDE (end = .)
                [!provide]                        PROVIDE (_end = .)
                0x200004a8                        . = (. + _Min_Heap_Size)
 *fill*         0x200002a8      0x200 
                0x200008a8                        . = (. + _Min_Stack_Size)
 *fill*         0x200004a8      0x400 
                0x200008a8                        . = ALIGN (0x8)

/DISCARD/
 libc.a(*)
 libm.a(*)
 libgcc.a(*)

.ARM.attributes
                0x00000000       0x28
 *(.ARM.attributes)
 .ARM.attributes
                0x00000000       0x1e C:/ST/STM32CubeCLT_1.22.0/GNU-tools-for-STM32/bin/../lib/gcc/arm-none-eabi/14.3.1/thumb/v6-m/nofp/crti.o
 .ARM.attributes
                0x0000001e       0x2c C:/ST/STM32CubeCLT_1.22.0/GNU-tools-for-STM32/bin/../lib/gcc/arm-none-eabi/14.3.1/thumb/v6-m/nofp/crtbegin.o
 .ARM.attributes
                0x0000004a       0x2c C:/ST/STM32CubeCLT_1.22.0/GNU-tools-for-STM32/bin/../lib/gcc/arm-none-eabi/14.3.1/../../../../arm-none-eabi/lib/thumb/v6-m/nofp\libc_nano.a(libc_a-findfp.o)
 .ARM.attributes
                0x00000076       0x2c C:/ST/STM32CubeCLT_1.22.0/GNU-tools-for-STM32/bin/../lib/gcc/arm-none-eabi/14.3.1/../../../../arm-none-eabi/lib/thumb/v6-m/nofp\libc_nano.a(libc_a-memset.o)
 .ARM.attributes
                0x000000a2       0x2c C:/ST/STM32CubeCLT_1.22.0/GNU-tools-for-STM32/bin/../lib/gcc/arm-none-eabi/14.3.1/../../../../arm-none-eabi/lib/thumb/v6-m/nofp\libc_nano.a(libc_a-reent.o)
 .ARM.attributes
                0x000000ce       0x2c C:/ST/STM32CubeCLT_1.22.0/GNU-tools-for-STM32/bin/../lib/gcc/arm-none-eabi/14.3.1/../../../../arm-none-eabi/lib/thumb/v6-m/nofp\libc_nano.a(libc_a-impure.o)
 .ARM.attributes
                0x000000fa       0x2c C:/ST/STM32CubeCLT_1.22.0/GNU-tools-for-STM32/bin/../lib/gcc/arm-none-eabi/14.3.1/../../../../arm-none-eabi/lib/thumb/v6-m/nofp\libc_nano.a(libc_a-init.o)
 .ARM.attributes
                0x00000126       0x2c C:/ST/STM32CubeCLT_1.22.0/GNU-tools-for-STM32/bin/../lib/gcc/arm-none-eabi/14.3.1/../../../../arm-none-eabi/lib/thumb/v6-m/nofp\libc_nano.a(libc_a-lock.o)
 .ARM.attributes
                0x00000152       0x2c C:/ST/STM32CubeCLT_1.22.0/GNU-tools-for-STM32/bin/../lib/gcc/arm-none-eabi/14.3.1/../../../../arm-none-eabi/lib/thumb/v6-m/nofp\libc_nano.a(libc_a-freer.o)
 .ARM.attributes
                0x0000017e       0x2c C:/ST/STM32CubeCLT_1.22.0/GNU-tools-for-STM32/bin/../lib/gcc/arm-none-eabi/14.3.1/../../../../arm-none-eabi/lib/thumb/v6-m/nofp\libc_nano.a(libc_a-mallocr.o)
 .ARM.attributes
                0x000001aa       0x2c C:/ST/STM32CubeCLT_1.22.0/GNU-tools-for-STM32/bin/../lib/gcc/arm-none-eabi/14.3.1/../../../../arm-none-eabi/lib/thumb/v6-m/nofp\libc_nano.a(libc_a-mlock.o)
 .ARM.attributes
                0x000001d6       0x2c C:/ST/STM32CubeCLT_1.22.0/GNU-tools-for-STM32/bin/../lib/gcc/arm-none-eabi/14.3.1/../../../../arm-none-eabi/lib/thumb/v6-m/nofp\libc_nano.a(libc_a-sbrkr.o)
 .ARM.attributes
                0x00000202       0x2c CMakeFiles/ultrasonic_distance_bringup.elf.dir/Core/Src/main.c.obj
 .ARM.attributes
                0x0000022e       0x2c CMakeFiles/ultrasonic_distance_bringup.elf.dir/Core/Src/stm32g0xx_hal_msp.c.obj
 .ARM.attributes
                0x0000025a       0x2c CMakeFiles/ultrasonic_distance_bringup.elf.dir/Core/Src/stm32g0xx_it.c.obj
 .ARM.attributes
                0x00000286       0x2c CMakeFiles/ultrasonic_distance_bringup.elf.dir/Core/Src/system_stm32g0xx.c.obj
 .ARM.attributes
                0x000002b2       0x2c CMakeFiles/ultrasonic_distance_bringup.elf.dir/Drivers/STM32G0xx_HAL_Driver/Src/stm32g0xx_hal.c.obj
 .ARM.attributes
                0x000002de       0x2c CMakeFiles/ultrasonic_distance_bringup.elf.dir/Drivers/STM32G0xx_HAL_Driver/Src/stm32g0xx_hal_cortex.c.obj
 .ARM.attributes
                0x0000030a       0x2c CMakeFiles/ultrasonic_distance_bringup.elf.dir/Drivers/STM32G0xx_HAL_Driver/Src/stm32g0xx_hal_gpio.c.obj
 .ARM.attributes
                0x00000336       0x2c CMakeFiles/ultrasonic_distance_bringup.elf.dir/Drivers/STM32G0xx_HAL_Driver/Src/stm32g0xx_hal_pwr_ex.c.obj
 .ARM.attributes
                0x00000362       0x2c CMakeFiles/ultrasonic_distance_bringup.elf.dir/Drivers/STM32G0xx_HAL_Driver/Src/stm32g0xx_hal_rcc.c.obj
 .ARM.attributes
                0x0000038e       0x2c CMakeFiles/ultrasonic_distance_bringup.elf.dir/Drivers/STM32G0xx_HAL_Driver/Src/stm32g0xx_hal_tim.c.obj
 .ARM.attributes
                0x000003ba       0x2c CMakeFiles/ultrasonic_distance_bringup.elf.dir/Drivers/STM32G0xx_HAL_Driver/Src/stm32g0xx_hal_uart.c.obj
 .ARM.attributes
                0x000003e6       0x2c CMakeFiles/ultrasonic_distance_bringup.elf.dir/firmware/app/app.c.obj
 .ARM.attributes
                0x00000412       0x22 CMakeFiles/ultrasonic_distance_bringup.elf.dir/Core/Startup/startup_stm32g031xx.s.obj
 .ARM.attributes
                0x00000434       0x1e C:/ST/STM32CubeCLT_1.22.0/GNU-tools-for-STM32/bin/../lib/gcc/arm-none-eabi/14.3.1/thumb/v6-m/nofp\libgcc.a(_udivsi3.o)
 .ARM.attributes
                0x00000452       0x1e C:/ST/STM32CubeCLT_1.22.0/GNU-tools-for-STM32/bin/../lib/gcc/arm-none-eabi/14.3.1/thumb/v6-m/nofp\libgcc.a(_dvmd_tls.o)
 .ARM.attributes
                0x00000470       0x1e C:/ST/STM32CubeCLT_1.22.0/GNU-tools-for-STM32/bin/../lib/gcc/arm-none-eabi/14.3.1/thumb/v6-m/nofp\libgcc.a(_aeabi_uldivmod.o)
 .ARM.attributes
                0x0000048e       0x2c C:/ST/STM32CubeCLT_1.22.0/GNU-tools-for-STM32/bin/../lib/gcc/arm-none-eabi/14.3.1/thumb/v6-m/nofp\libgcc.a(_udivmoddi4.o)
 .ARM.attributes
                0x000004ba       0x1e C:/ST/STM32CubeCLT_1.22.0/GNU-tools-for-STM32/bin/../lib/gcc/arm-none-eabi/14.3.1/thumb/v6-m/nofp\libgcc.a(_clzdi2.o)
 .ARM.attributes
                0x000004d8       0x1e C:/ST/STM32CubeCLT_1.22.0/GNU-tools-for-STM32/bin/../lib/gcc/arm-none-eabi/14.3.1/thumb/v6-m/nofp\libgcc.a(_clzsi2.o)
 .ARM.attributes
                0x000004f6       0x2c C:/ST/STM32CubeCLT_1.22.0/GNU-tools-for-STM32/bin/../lib/gcc/arm-none-eabi/14.3.1/../../../../arm-none-eabi/lib/thumb/v6-m/nofp\libg_nano.a(libc_a-snprintf.o)
 .ARM.attributes
                0x00000522       0x1c C:/ST/STM32CubeCLT_1.22.0/GNU-tools-for-STM32/bin/../lib/gcc/arm-none-eabi/14.3.1/../../../../arm-none-eabi/lib/thumb/v6-m/nofp\libg_nano.a(libc_a-strlen.o)
 .ARM.attributes
                0x0000053e       0x2c C:/ST/STM32CubeCLT_1.22.0/GNU-tools-for-STM32/bin/../lib/gcc/arm-none-eabi/14.3.1/../../../../arm-none-eabi/lib/thumb/v6-m/nofp\libg_nano.a(libc_a-nano-svfprintf.o)
 .ARM.attributes
                0x0000056a       0x2c C:/ST/STM32CubeCLT_1.22.0/GNU-tools-for-STM32/bin/../lib/gcc/arm-none-eabi/14.3.1/../../../../arm-none-eabi/lib/thumb/v6-m/nofp\libg_nano.a(libc_a-nano-vfprintf_i.o)
 .ARM.attributes
                0x00000596       0x2c C:/ST/STM32CubeCLT_1.22.0/GNU-tools-for-STM32/bin/../lib/gcc/arm-none-eabi/14.3.1/../../../../arm-none-eabi/lib/thumb/v6-m/nofp\libg_nano.a(libc_a-memmove.o)
 .ARM.attributes
                0x000005c2       0x2c C:/ST/STM32CubeCLT_1.22.0/GNU-tools-for-STM32/bin/../lib/gcc/arm-none-eabi/14.3.1/../../../../arm-none-eabi/lib/thumb/v6-m/nofp\libg_nano.a(libc_a-memchr-stub.o)
 .ARM.attributes
                0x000005ee       0x2c C:/ST/STM32CubeCLT_1.22.0/GNU-tools-for-STM32/bin/../lib/gcc/arm-none-eabi/14.3.1/../../../../arm-none-eabi/lib/thumb/v6-m/nofp\libg_nano.a(libc_a-memcpy-stub.o)
 .ARM.attributes
                0x0000061a       0x2c C:/ST/STM32CubeCLT_1.22.0/GNU-tools-for-STM32/bin/../lib/gcc/arm-none-eabi/14.3.1/../../../../arm-none-eabi/lib/thumb/v6-m/nofp\libg_nano.a(libc_a-reallocr.o)
 .ARM.attributes
                0x00000646       0x2c C:/ST/STM32CubeCLT_1.22.0/GNU-tools-for-STM32/bin/../lib/gcc/arm-none-eabi/14.3.1/../../../../arm-none-eabi/lib/thumb/v6-m/nofp\libg_nano.a(libc_a-msizer.o)
 .ARM.attributes
                0x00000672       0x1e C:/ST/STM32CubeCLT_1.22.0/GNU-tools-for-STM32/bin/../lib/gcc/arm-none-eabi/14.3.1/thumb/v6-m/nofp\libgcc.a(_thumb1_case_shi.o)
 .ARM.attributes
                0x00000690       0x2c C:/ST/STM32CubeCLT_1.22.0/GNU-tools-for-STM32/bin/../lib/gcc/arm-none-eabi/14.3.1/../../../../arm-none-eabi/lib/thumb/v6-m/nofp\libnosys.a(sbrk.o)
 .ARM.attributes
                0x000006bc       0x1e C:/ST/STM32CubeCLT_1.22.0/GNU-tools-for-STM32/bin/../lib/gcc/arm-none-eabi/14.3.1/thumb/v6-m/nofp/crtn.o
OUTPUT(ultrasonic_distance_bringup.elf elf32-littlearm)
LOAD linker stubs
LOAD C:/ST/STM32CubeCLT_1.22.0/GNU-tools-for-STM32/bin/../lib/gcc/arm-none-eabi/14.3.1/../../../../arm-none-eabi/lib/thumb/v6-m/nofp\libc.a
LOAD C:/ST/STM32CubeCLT_1.22.0/GNU-tools-for-STM32/bin/../lib/gcc/arm-none-eabi/14.3.1/../../../../arm-none-eabi/lib/thumb/v6-m/nofp\libm.a
LOAD C:/ST/STM32CubeCLT_1.22.0/GNU-tools-for-STM32/bin/../lib/gcc/arm-none-eabi/14.3.1/thumb/v6-m/nofp\libgcc.a

.debug_frame    0x00000000     0x2df4
 .debug_frame   0x00000000      0x138 C:/ST/STM32CubeCLT_1.22.0/GNU-tools-for-STM32/bin/../lib/gcc/arm-none-eabi/14.3.1/../../../../arm-none-eabi/lib/thumb/v6-m/nofp\libc_nano.a(libc_a-findfp.o)
 .debug_frame   0x00000138       0x20 C:/ST/STM32CubeCLT_1.22.0/GNU-tools-for-STM32/bin/../lib/gcc/arm-none-eabi/14.3.1/../../../../arm-none-eabi/lib/thumb/v6-m/nofp\libc_nano.a(libc_a-memset.o)
 .debug_frame   0x00000158       0x2c C:/ST/STM32CubeCLT_1.22.0/GNU-tools-for-STM32/bin/../lib/gcc/arm-none-eabi/14.3.1/../../../../arm-none-eabi/lib/thumb/v6-m/nofp\libc_nano.a(libc_a-reent.o)
 .debug_frame   0x00000184       0x2c C:/ST/STM32CubeCLT_1.22.0/GNU-tools-for-STM32/bin/../lib/gcc/arm-none-eabi/14.3.1/../../../../arm-none-eabi/lib/thumb/v6-m/nofp\libc_nano.a(libc_a-init.o)
 .debug_frame   0x000001b0       0xb0 C:/ST/STM32CubeCLT_1.22.0/GNU-tools-for-STM32/bin/../lib/gcc/arm-none-eabi/14.3.1/../../../../arm-none-eabi/lib/thumb/v6-m/nofp\libc_nano.a(libc_a-lock.o)
 .debug_frame   0x00000260       0x2c C:/ST/STM32CubeCLT_1.22.0/GNU-tools-for-STM32/bin/../lib/gcc/arm-none-eabi/14.3.1/../../../../arm-none-eabi/lib/thumb/v6-m/nofp\libc_nano.a(libc_a-freer.o)
 .debug_frame   0x0000028c       0x50 C:/ST/STM32CubeCLT_1.22.0/GNU-tools-for-STM32/bin/../lib/gcc/arm-none-eabi/14.3.1/../../../../arm-none-eabi/lib/thumb/v6-m/nofp\libc_nano.a(libc_a-mallocr.o)
 .debug_frame   0x000002dc       0x40 C:/ST/STM32CubeCLT_1.22.0/GNU-tools-for-STM32/bin/../lib/gcc/arm-none-eabi/14.3.1/../../../../arm-none-eabi/lib/thumb/v6-m/nofp\libc_nano.a(libc_a-mlock.o)
 .debug_frame   0x0000031c       0x2c C:/ST/STM32CubeCLT_1.22.0/GNU-tools-for-STM32/bin/../lib/gcc/arm-none-eabi/14.3.1/../../../../arm-none-eabi/lib/thumb/v6-m/nofp\libc_nano.a(libc_a-sbrkr.o)
 .debug_frame   0x00000348       0x68 CMakeFiles/ultrasonic_distance_bringup.elf.dir/Core/Src/main.c.obj
 .debug_frame   0x000003b0       0x30 CMakeFiles/ultrasonic_distance_bringup.elf.dir/Core/Src/stm32g0xx_hal_msp.c.obj
 .debug_frame   0x000003e0       0x9c CMakeFiles/ultrasonic_distance_bringup.elf.dir/Core/Src/stm32g0xx_it.c.obj
 .debug_frame   0x0000047c       0x4c CMakeFiles/ultrasonic_distance_bringup.elf.dir/Core/Src/system_stm32g0xx.c.obj
 .debug_frame   0x000004c8      0x3fc CMakeFiles/ultrasonic_distance_bringup.elf.dir/Drivers/STM32G0xx_HAL_Driver/Src/stm32g0xx_hal.c.obj
 .debug_frame   0x000008c4      0x33c CMakeFiles/ultrasonic_distance_bringup.elf.dir/Drivers/STM32G0xx_HAL_Driver/Src/stm32g0xx_hal_cortex.c.obj
 .debug_frame   0x00000c00      0x130 CMakeFiles/ultrasonic_distance_bringup.elf.dir/Drivers/STM32G0xx_HAL_Driver/Src/stm32g0xx_hal_gpio.c.obj
 .debug_frame   0x00000d30      0x32c CMakeFiles/ultrasonic_distance_bringup.elf.dir/Drivers/STM32G0xx_HAL_Driver/Src/stm32g0xx_hal_pwr_ex.c.obj
 .debug_frame   0x0000105c      0x214 CMakeFiles/ultrasonic_distance_bringup.elf.dir/Drivers/STM32G0xx_HAL_Driver/Src/stm32g0xx_hal_rcc.c.obj
 .debug_frame   0x00001270      0xf40 CMakeFiles/ultrasonic_distance_bringup.elf.dir/Drivers/STM32G0xx_HAL_Driver/Src/stm32g0xx_hal_tim.c.obj
 .debug_frame   0x000021b0      0x8d8 CMakeFiles/ultrasonic_distance_bringup.elf.dir/Drivers/STM32G0xx_HAL_Driver/Src/stm32g0xx_hal_uart.c.obj
 .debug_frame   0x00002a88      0x114 CMakeFiles/ultrasonic_distance_bringup.elf.dir/firmware/app/app.c.obj
 .debug_frame   0x00002b9c       0x20 C:/ST/STM32CubeCLT_1.22.0/GNU-tools-for-STM32/bin/../lib/gcc/arm-none-eabi/14.3.1/thumb/v6-m/nofp\libgcc.a(_udivsi3.o)
 .debug_frame   0x00002bbc       0x3c C:/ST/STM32CubeCLT_1.22.0/GNU-tools-for-STM32/bin/../lib/gcc/arm-none-eabi/14.3.1/thumb/v6-m/nofp\libgcc.a(_udivmoddi4.o)
 .debug_frame   0x00002bf8       0x50 C:/ST/STM32CubeCLT_1.22.0/GNU-tools-for-STM32/bin/../lib/gcc/arm-none-eabi/14.3.1/../../../../arm-none-eabi/lib/thumb/v6-m/nofp\libg_nano.a(libc_a-snprintf.o)
 .debug_frame   0x00002c48       0x74 C:/ST/STM32CubeCLT_1.22.0/GNU-tools-for-STM32/bin/../lib/gcc/arm-none-eabi/14.3.1/../../../../arm-none-eabi/lib/thumb/v6-m/nofp\libg_nano.a(libc_a-nano-svfprintf.o)
 .debug_frame   0x00002cbc       0x54 C:/ST/STM32CubeCLT_1.22.0/GNU-tools-for-STM32/bin/../lib/gcc/arm-none-eabi/14.3.1/../../../../arm-none-eabi/lib/thumb/v6-m/nofp\libg_nano.a(libc_a-nano-vfprintf_i.o)
 .debug_frame   0x00002d10       0x28 C:/ST/STM32CubeCLT_1.22.0/GNU-tools-for-STM32/bin/../lib/gcc/arm-none-eabi/14.3.1/../../../../arm-none-eabi/lib/thumb/v6-m/nofp\libg_nano.a(libc_a-memmove.o)
 .debug_frame   0x00002d38       0x20 C:/ST/STM32CubeCLT_1.22.0/GNU-tools-for-STM32/bin/../lib/gcc/arm-none-eabi/14.3.1/../../../../arm-none-eabi/lib/thumb/v6-m/nofp\libg_nano.a(libc_a-memchr-stub.o)
 .debug_frame   0x00002d58       0x28 C:/ST/STM32CubeCLT_1.22.0/GNU-tools-for-STM32/bin/../lib/gcc/arm-none-eabi/14.3.1/../../../../arm-none-eabi/lib/thumb/v6-m/nofp\libg_nano.a(libc_a-memcpy-stub.o)
 .debug_frame   0x00002d80       0x34 C:/ST/STM32CubeCLT_1.22.0/GNU-tools-for-STM32/bin/../lib/gcc/arm-none-eabi/14.3.1/../../../../arm-none-eabi/lib/thumb/v6-m/nofp\libg_nano.a(libc_a-reallocr.o)
 .debug_frame   0x00002db4       0x20 C:/ST/STM32CubeCLT_1.22.0/GNU-tools-for-STM32/bin/../lib/gcc/arm-none-eabi/14.3.1/../../../../arm-none-eabi/lib/thumb/v6-m/nofp\libg_nano.a(libc_a-msizer.o)
 .debug_frame   0x00002dd4       0x20 C:/ST/STM32CubeCLT_1.22.0/GNU-tools-for-STM32/bin/../lib/gcc/arm-none-eabi/14.3.1/../../../../arm-none-eabi/lib/thumb/v6-m/nofp\libnosys.a(sbrk.o)

.debug_info     0x00000000     0xf718
 .debug_info    0x00000000      0x2f1 CMakeFiles/ultrasonic_distance_bringup.elf.dir/Core/Src/main.c.obj
 .debug_info    0x000002f1      0x261 CMakeFiles/ultrasonic_distance_bringup.elf.dir/Core/Src/stm32g0xx_hal_msp.c.obj
 .debug_info    0x00000552      0x113 CMakeFiles/ultrasonic_distance_bringup.elf.dir/Core/Src/stm32g0xx_it.c.obj
 .debug_info    0x00000665      0x3f0 CMakeFiles/ultrasonic_distance_bringup.elf.dir/Core/Src/system_stm32g0xx.c.obj
 .debug_info    0x00000a55      0xa2b CMakeFiles/ultrasonic_distance_bringup.elf.dir/Drivers/STM32G0xx_HAL_Driver/Src/stm32g0xx_hal.c.obj
 .debug_info    0x00001480      0x8c3 CMakeFiles/ultrasonic_distance_bringup.elf.dir/Drivers/STM32G0xx_HAL_Driver/Src/stm32g0xx_hal_cortex.c.obj
 .debug_info    0x00001d43      0x5a8 CMakeFiles/ultrasonic_distance_bringup.elf.dir/Drivers/STM32G0xx_HAL_Driver/Src/stm32g0xx_hal_gpio.c.obj
 .debug_info    0x000022eb      0x77e CMakeFiles/ultrasonic_distance_bringup.elf.dir/Drivers/STM32G0xx_HAL_Driver/Src/stm32g0xx_hal_pwr_ex.c.obj
 .debug_info    0x00002a69      0xb30 CMakeFiles/ultrasonic_distance_bringup.elf.dir/Drivers/STM32G0xx_HAL_Driver/Src/stm32g0xx_hal_rcc.c.obj
 .debug_info    0x00003599     0x2bc0 CMakeFiles/ultrasonic_distance_bringup.elf.dir/Drivers/STM32G0xx_HAL_Driver/Src/stm32g0xx_hal_tim.c.obj
 .debug_info    0x00006159     0x4872 CMakeFiles/ultrasonic_distance_bringup.elf.dir/Drivers/STM32G0xx_HAL_Driver/Src/stm32g0xx_hal_uart.c.obj
 .debug_info    0x0000a9cb     0x11dd CMakeFiles/ultrasonic_distance_bringup.elf.dir/firmware/app/app.c.obj
 .debug_info    0x0000bba8       0x30 CMakeFiles/ultrasonic_distance_bringup.elf.dir/Core/Startup/startup_stm32g031xx.s.obj
 .debug_info    0x0000bbd8      0x8bf C:/ST/STM32CubeCLT_1.22.0/GNU-tools-for-STM32/bin/../lib/gcc/arm-none-eabi/14.3.1/../../../../arm-none-eabi/lib/thumb/v6-m/nofp\libg_nano.a(libc_a-snprintf.o)
 .debug_info    0x0000c497       0x31 C:/ST/STM32CubeCLT_1.22.0/GNU-tools-for-STM32/bin/../lib/gcc/arm-none-eabi/14.3.1/../../../../arm-none-eabi/lib/thumb/v6-m/nofp\libg_nano.a(libc_a-strlen.o)
 .debug_info    0x0000c4c8     0x10d2 C:/ST/STM32CubeCLT_1.22.0/GNU-tools-for-STM32/bin/../lib/gcc/arm-none-eabi/14.3.1/../../../../arm-none-eabi/lib/thumb/v6-m/nofp\libg_nano.a(libc_a-nano-svfprintf.o)
 .debug_info    0x0000d59a      0xe0a C:/ST/STM32CubeCLT_1.22.0/GNU-tools-for-STM32/bin/../lib/gcc/arm-none-eabi/14.3.1/../../../../arm-none-eabi/lib/thumb/v6-m/nofp\libg_nano.a(libc_a-nano-vfprintf_i.o)
 .debug_info    0x0000e3a4      0x109 C:/ST/STM32CubeCLT_1.22.0/GNU-tools-for-STM32/bin/../lib/gcc/arm-none-eabi/14.3.1/../../../../arm-none-eabi/lib/thumb/v6-m/nofp\libg_nano.a(libc_a-memmove.o)
 .debug_info    0x0000e4ad      0x110 C:/ST/STM32CubeCLT_1.22.0/GNU-tools-for-STM32/bin/../lib/gcc/arm-none-eabi/14.3.1/../../../../arm-none-eabi/lib/thumb/v6-m/nofp\libg_nano.a(libc_a-memchr-stub.o)
 .debug_info    0x0000e5bd      0x11b C:/ST/STM32CubeCLT_1.22.0/GNU-tools-for-STM32/bin/../lib/gcc/arm-none-eabi/14.3.1/../../../../arm-none-eabi/lib/thumb/v6-m/nofp\libg_nano.a(libc_a-memcpy-stub.o)
 .debug_info    0x0000e6d8      0x8ac C:/ST/STM32CubeCLT_1.22.0/GNU-tools-for-STM32/bin/../lib/gcc/arm-none-eabi/14.3.1/../../../../arm-none-eabi/lib/thumb/v6-m/nofp\libg_nano.a(libc_a-reallocr.o)
 .debug_info    0x0000ef84      0x794 C:/ST/STM32CubeCLT_1.22.0/GNU-tools-for-STM32/bin/../lib/gcc/arm-none-eabi/14.3.1/../../../../arm-none-eabi/lib/thumb/v6-m/nofp\libg_nano.a(libc_a-msizer.o)

.debug_abbrev   0x00000000     0x263c
 .debug_abbrev  0x00000000      0x166 CMakeFiles/ultrasonic_distance_bringup.elf.dir/Core/Src/main.c.obj
 .debug_abbrev  0x00000166       0xdb CMakeFiles/ultrasonic_distance_bringup.elf.dir/Core/Src/stm32g0xx_hal_msp.c.obj
 .debug_abbrev  0x00000241       0xaa CMakeFiles/ultrasonic_distance_bringup.elf.dir/Core/Src/stm32g0xx_it.c.obj
 .debug_abbrev  0x000002eb      0x115 CMakeFiles/ultrasonic_distance_bringup.elf.dir/Core/Src/system_stm32g0xx.c.obj
 .debug_abbrev  0x00000400      0x2b4 CMakeFiles/ultrasonic_distance_bringup.elf.dir/Drivers/STM32G0xx_HAL_Driver/Src/stm32g0xx_hal.c.obj
 .debug_abbrev  0x000006b4      0x2a9 CMakeFiles/ultrasonic_distance_bringup.elf.dir/Drivers/STM32G0xx_HAL_Driver/Src/stm32g0xx_hal_cortex.c.obj
 .debug_abbrev  0x0000095d      0x1c1 CMakeFiles/ultrasonic_distance_bringup.elf.dir/Drivers/STM32G0xx_HAL_Driver/Src/stm32g0xx_hal_gpio.c.obj
 .debug_abbrev  0x00000b1e      0x235 CMakeFiles/ultrasonic_distance_bringup.elf.dir/Drivers/STM32G0xx_HAL_Driver/Src/stm32g0xx_hal_pwr_ex.c.obj
 .debug_abbrev  0x00000d53      0x2a7 CMakeFiles/ultrasonic_distance_bringup.elf.dir/Drivers/STM32G0xx_HAL_Driver/Src/stm32g0xx_hal_rcc.c.obj
 .debug_abbrev  0x00000ffa      0x2a0 CMakeFiles/ultrasonic_distance_bringup.elf.dir/Drivers/STM32G0xx_HAL_Driver/Src/stm32g0xx_hal_tim.c.obj
 .debug_abbrev  0x0000129a      0x323 CMakeFiles/ultrasonic_distance_bringup.elf.dir/Drivers/STM32G0xx_HAL_Driver/Src/stm32g0xx_hal_uart.c.obj
 .debug_abbrev  0x000015bd      0x288 CMakeFiles/ultrasonic_distance_bringup.elf.dir/firmware/app/app.c.obj
 .debug_abbrev  0x00001845       0x24 CMakeFiles/ultrasonic_distance_bringup.elf.dir/Core/Startup/startup_stm32g031xx.s.obj
 .debug_abbrev  0x00001869      0x231 C:/ST/STM32CubeCLT_1.22.0/GNU-tools-for-STM32/bin/../lib/gcc/arm-none-eabi/14.3.1/../../../../arm-none-eabi/lib/thumb/v6-m/nofp\libg_nano.a(libc_a-snprintf.o)
 .debug_abbrev  0x00001a9a       0x28 C:/ST/STM32CubeCLT_1.22.0/GNU-tools-for-STM32/bin/../lib/gcc/arm-none-eabi/14.3.1/../../../../arm-none-eabi/lib/thumb/v6-m/nofp\libg_nano.a(libc_a-strlen.o)
 .debug_abbrev  0x00001ac2      0x31e C:/ST/STM32CubeCLT_1.22.0/GNU-tools-for-STM32/bin/../lib/gcc/arm-none-eabi/14.3.1/../../../../arm-none-eabi/lib/thumb/v6-m/nofp\libg_nano.a(libc_a-nano-svfprintf.o)
 .debug_abbrev  0x00001de0      0x29f C:/ST/STM32CubeCLT_1.22.0/GNU-tools-for-STM32/bin/../lib/gcc/arm-none-eabi/14.3.1/../../../../arm-none-eabi/lib/thumb/v6-m/nofp\libg_nano.a(libc_a-nano-vfprintf_i.o)
 .debug_abbrev  0x0000207f       0xac C:/ST/STM32CubeCLT_1.22.0/GNU-tools-for-STM32/bin/../lib/gcc/arm-none-eabi/14.3.1/../../../../arm-none-eabi/lib/thumb/v6-m/nofp\libg_nano.a(libc_a-memmove.o)
 .debug_abbrev  0x0000212b       0xb1 C:/ST/STM32CubeCLT_1.22.0/GNU-tools-for-STM32/bin/../lib/gcc/arm-none-eabi/14.3.1/../../../../arm-none-eabi/lib/thumb/v6-m/nofp\libg_nano.a(libc_a-memchr-stub.o)
 .debug_abbrev  0x000021dc       0xc1 C:/ST/STM32CubeCLT_1.22.0/GNU-tools-for-STM32/bin/../lib/gcc/arm-none-eabi/14.3.1/../../../../arm-none-eabi/lib/thumb/v6-m/nofp\libg_nano.a(libc_a-memcpy-stub.o)
 .debug_abbrev  0x0000229d      0x209 C:/ST/STM32CubeCLT_1.22.0/GNU-tools-for-STM32/bin/../lib/gcc/arm-none-eabi/14.3.1/../../../../arm-none-eabi/lib/thumb/v6-m/nofp\libg_nano.a(libc_a-reallocr.o)
 .debug_abbrev  0x000024a6      0x196 C:/ST/STM32CubeCLT_1.22.0/GNU-tools-for-STM32/bin/../lib/gcc/arm-none-eabi/14.3.1/../../../../arm-none-eabi/lib/thumb/v6-m/nofp\libg_nano.a(libc_a-msizer.o)

.debug_aranges  0x00000000      0xca0
 .debug_aranges
                0x00000000       0x30 CMakeFiles/ultrasonic_distance_bringup.elf.dir/Core/Src/main.c.obj
 .debug_aranges
                0x00000030       0x20 CMakeFiles/ultrasonic_distance_bringup.elf.dir/Core/Src/stm32g0xx_hal_msp.c.obj
 .debug_aranges
                0x00000050       0x40 CMakeFiles/ultrasonic_distance_bringup.elf.dir/Core/Src/stm32g0xx_it.c.obj
 .debug_aranges
                0x00000090       0x28 CMakeFiles/ultrasonic_distance_bringup.elf.dir/Core/Src/system_stm32g0xx.c.obj
 .debug_aranges
                0x000000b8      0x128 CMakeFiles/ultrasonic_distance_bringup.elf.dir/Drivers/STM32G0xx_HAL_Driver/Src/stm32g0xx_hal.c.obj
 .debug_aranges
                0x000001e0       0xe8 CMakeFiles/ultrasonic_distance_bringup.elf.dir/Drivers/STM32G0xx_HAL_Driver/Src/stm32g0xx_hal_cortex.c.obj
 .debug_aranges
                0x000002c8       0x60 CMakeFiles/ultrasonic_distance_bringup.elf.dir/Drivers/STM32G0xx_HAL_Driver/Src/stm32g0xx_hal_gpio.c.obj
 .debug_aranges
                0x00000328       0xf0 CMakeFiles/ultrasonic_distance_bringup.elf.dir/Drivers/STM32G0xx_HAL_Driver/Src/stm32g0xx_hal_pwr_ex.c.obj
 .debug_aranges
                0x00000418       0xa0 CMakeFiles/ultrasonic_distance_bringup.elf.dir/Drivers/STM32G0xx_HAL_Driver/Src/stm32g0xx_hal_rcc.c.obj
 .debug_aranges
                0x000004b8      0x3e0 CMakeFiles/ultrasonic_distance_bringup.elf.dir/Drivers/STM32G0xx_HAL_Driver/Src/stm32g0xx_hal_tim.c.obj
 .debug_aranges
                0x00000898      0x248 CMakeFiles/ultrasonic_distance_bringup.elf.dir/Drivers/STM32G0xx_HAL_Driver/Src/stm32g0xx_hal_uart.c.obj
 .debug_aranges
                0x00000ae0       0x58 CMakeFiles/ultrasonic_distance_bringup.elf.dir/firmware/app/app.c.obj
 .debug_aranges
                0x00000b38       0x28 CMakeFiles/ultrasonic_distance_bringup.elf.dir/Core/Startup/startup_stm32g031xx.s.obj
 .debug_aranges
                0x00000b60       0x28 C:/ST/STM32CubeCLT_1.22.0/GNU-tools-for-STM32/bin/../lib/gcc/arm-none-eabi/14.3.1/../../../../arm-none-eabi/lib/thumb/v6-m/nofp\libg_nano.a(libc_a-snprintf.o)
 .debug_aranges
                0x00000b88       0x20 C:/ST/STM32CubeCLT_1.22.0/GNU-tools-for-STM32/bin/../lib/gcc/arm-none-eabi/14.3.1/../../../../arm-none-eabi/lib/thumb/v6-m/nofp\libg_nano.a(libc_a-strlen.o)
 .debug_aranges
                0x00000ba8       0x30 C:/ST/STM32CubeCLT_1.22.0/GNU-tools-for-STM32/bin/../lib/gcc/arm-none-eabi/14.3.1/../../../../arm-none-eabi/lib/thumb/v6-m/nofp\libg_nano.a(libc_a-nano-svfprintf.o)
 .debug_aranges
                0x00000bd8       0x28 C:/ST/STM32CubeCLT_1.22.0/GNU-tools-for-STM32/bin/../lib/gcc/arm-none-eabi/14.3.1/../../../../arm-none-eabi/lib/thumb/v6-m/nofp\libg_nano.a(libc_a-nano-vfprintf_i.o)
 .debug_aranges
                0x00000c00       0x20 C:/ST/STM32CubeCLT_1.22.0/GNU-tools-for-STM32/bin/../lib/gcc/arm-none-eabi/14.3.1/../../../../arm-none-eabi/lib/thumb/v6-m/nofp\libg_nano.a(libc_a-memmove.o)
 .debug_aranges
                0x00000c20       0x20 C:/ST/STM32CubeCLT_1.22.0/GNU-tools-for-STM32/bin/../lib/gcc/arm-none-eabi/14.3.1/../../../../arm-none-eabi/lib/thumb/v6-m/nofp\libg_nano.a(libc_a-memchr-stub.o)
 .debug_aranges
                0x00000c40       0x20 C:/ST/STM32CubeCLT_1.22.0/GNU-tools-for-STM32/bin/../lib/gcc/arm-none-eabi/14.3.1/../../../../arm-none-eabi/lib/thumb/v6-m/nofp\libg_nano.a(libc_a-memcpy-stub.o)
 .debug_aranges
                0x00000c60       0x20 C:/ST/STM32CubeCLT_1.22.0/GNU-tools-for-STM32/bin/../lib/gcc/arm-none-eabi/14.3.1/../../../../arm-none-eabi/lib/thumb/v6-m/nofp\libg_nano.a(libc_a-reallocr.o)
 .debug_aranges
                0x00000c80       0x20 C:/ST/STM32CubeCLT_1.22.0/GNU-tools-for-STM32/bin/../lib/gcc/arm-none-eabi/14.3.1/../../../../arm-none-eabi/lib/thumb/v6-m/nofp\libg_nano.a(libc_a-msizer.o)

.debug_rnglists
                0x00000000      0x9fb
 .debug_rnglists
                0x00000000       0x20 CMakeFiles/ultrasonic_distance_bringup.elf.dir/Core/Src/main.c.obj
 .debug_rnglists
                0x00000020       0x13 CMakeFiles/ultrasonic_distance_bringup.elf.dir/Core/Src/stm32g0xx_hal_msp.c.obj
 .debug_rnglists
                0x00000033       0x2b CMakeFiles/ultrasonic_distance_bringup.elf.dir/Core/Src/stm32g0xx_it.c.obj
 .debug_rnglists
                0x0000005e       0x1a CMakeFiles/ultrasonic_distance_bringup.elf.dir/Core/Src/system_stm32g0xx.c.obj
 .debug_rnglists
                0x00000078       0xda CMakeFiles/ultrasonic_distance_bringup.elf.dir/Drivers/STM32G0xx_HAL_Driver/Src/stm32g0xx_hal.c.obj
 .debug_rnglists
                0x00000152       0xaa CMakeFiles/ultrasonic_distance_bringup.elf.dir/Drivers/STM32G0xx_HAL_Driver/Src/stm32g0xx_hal_cortex.c.obj
 .debug_rnglists
                0x000001fc       0x45 CMakeFiles/ultrasonic_distance_bringup.elf.dir/Drivers/STM32G0xx_HAL_Driver/Src/stm32g0xx_hal_gpio.c.obj
 .debug_rnglists
                0x00000241       0xb5 CMakeFiles/ultrasonic_distance_bringup.elf.dir/Drivers/STM32G0xx_HAL_Driver/Src/stm32g0xx_hal_pwr_ex.c.obj
 .debug_rnglists
                0x000002f6       0x79 CMakeFiles/ultrasonic_distance_bringup.elf.dir/Drivers/STM32G0xx_HAL_Driver/Src/stm32g0xx_hal_rcc.c.obj
 .debug_rnglists
                0x0000036f      0x32b CMakeFiles/ultrasonic_distance_bringup.elf.dir/Drivers/STM32G0xx_HAL_Driver/Src/stm32g0xx_hal_tim.c.obj
 .debug_rnglists
                0x0000069a      0x1f8 CMakeFiles/ultrasonic_distance_bringup.elf.dir/Drivers/STM32G0xx_HAL_Driver/Src/stm32g0xx_hal_uart.c.obj
 .debug_rnglists
                0x00000892       0x40 CMakeFiles/ultrasonic_distance_bringup.elf.dir/firmware/app/app.c.obj
 .debug_rnglists
                0x000008d2       0x19 CMakeFiles/ultrasonic_distance_bringup.elf.dir/Core/Startup/startup_stm32g031xx.s.obj
 .debug_rnglists
                0x000008eb       0x19 C:/ST/STM32CubeCLT_1.22.0/GNU-tools-for-STM32/bin/../lib/gcc/arm-none-eabi/14.3.1/../../../../arm-none-eabi/lib/thumb/v6-m/nofp\libg_nano.a(libc_a-snprintf.o)
 .debug_rnglists
                0x00000904       0x4f C:/ST/STM32CubeCLT_1.22.0/GNU-tools-for-STM32/bin/../lib/gcc/arm-none-eabi/14.3.1/../../../../arm-none-eabi/lib/thumb/v6-m/nofp\libg_nano.a(libc_a-nano-svfprintf.o)
 .debug_rnglists
                0x00000953       0x49 C:/ST/STM32CubeCLT_1.22.0/GNU-tools-for-STM32/bin/../lib/gcc/arm-none-eabi/14.3.1/../../../../arm-none-eabi/lib/thumb/v6-m/nofp\libg_nano.a(libc_a-nano-vfprintf_i.o)
 .debug_rnglists
                0x0000099c       0x13 C:/ST/STM32CubeCLT_1.22.0/GNU-tools-for-STM32/bin/../lib/gcc/arm-none-eabi/14.3.1/../../../../arm-none-eabi/lib/thumb/v6-m/nofp\libg_nano.a(libc_a-memmove.o)
 .debug_rnglists
                0x000009af       0x13 C:/ST/STM32CubeCLT_1.22.0/GNU-tools-for-STM32/bin/../lib/gcc/arm-none-eabi/14.3.1/../../../../arm-none-eabi/lib/thumb/v6-m/nofp\libg_nano.a(libc_a-memchr-stub.o)
 .debug_rnglists
                0x000009c2       0x13 C:/ST/STM32CubeCLT_1.22.0/GNU-tools-for-STM32/bin/../lib/gcc/arm-none-eabi/14.3.1/../../../../arm-none-eabi/lib/thumb/v6-m/nofp\libg_nano.a(libc_a-memcpy-stub.o)
 .debug_rnglists
                0x000009d5       0x13 C:/ST/STM32CubeCLT_1.22.0/GNU-tools-for-STM32/bin/../lib/gcc/arm-none-eabi/14.3.1/../../../../arm-none-eabi/lib/thumb/v6-m/nofp\libg_nano.a(libc_a-reallocr.o)
 .debug_rnglists
                0x000009e8       0x13 C:/ST/STM32CubeCLT_1.22.0/GNU-tools-for-STM32/bin/../lib/gcc/arm-none-eabi/14.3.1/../../../../arm-none-eabi/lib/thumb/v6-m/nofp\libg_nano.a(libc_a-msizer.o)

.debug_line     0x00000000     0xc8b5
 .debug_line    0x00000000      0x319 CMakeFiles/ultrasonic_distance_bringup.elf.dir/Core/Src/main.c.obj
 .debug_line    0x00000319      0x2ee CMakeFiles/ultrasonic_distance_bringup.elf.dir/Core/Src/stm32g0xx_hal_msp.c.obj
 .debug_line    0x00000607      0x2b3 CMakeFiles/ultrasonic_distance_bringup.elf.dir/Core/Src/stm32g0xx_it.c.obj
 .debug_line    0x000008ba      0x411 CMakeFiles/ultrasonic_distance_bringup.elf.dir/Core/Src/system_stm32g0xx.c.obj
 .debug_line    0x00000ccb      0x7a8 CMakeFiles/ultrasonic_distance_bringup.elf.dir/Drivers/STM32G0xx_HAL_Driver/Src/stm32g0xx_hal.c.obj
 .debug_line    0x00001473      0x7f1 CMakeFiles/ultrasonic_distance_bringup.elf.dir/Drivers/STM32G0xx_HAL_Driver/Src/stm32g0xx_hal_cortex.c.obj
 .debug_line    0x00001c64      0x730 CMakeFiles/ultrasonic_distance_bringup.elf.dir/Drivers/STM32G0xx_HAL_Driver/Src/stm32g0xx_hal_gpio.c.obj
 .debug_line    0x00002394      0x753 CMakeFiles/ultrasonic_distance_bringup.elf.dir/Drivers/STM32G0xx_HAL_Driver/Src/stm32g0xx_hal_pwr_ex.c.obj
 .debug_line    0x00002ae7      0xc15 CMakeFiles/ultrasonic_distance_bringup.elf.dir/Drivers/STM32G0xx_HAL_Driver/Src/stm32g0xx_hal_rcc.c.obj
 .debug_line    0x000036fc     0x391b CMakeFiles/ultrasonic_distance_bringup.elf.dir/Drivers/STM32G0xx_HAL_Driver/Src/stm32g0xx_hal_tim.c.obj
 .debug_line    0x00007017     0x3379 CMakeFiles/ultrasonic_distance_bringup.elf.dir/Drivers/STM32G0xx_HAL_Driver/Src/stm32g0xx_hal_uart.c.obj
 .debug_line    0x0000a390      0x6f0 CMakeFiles/ultrasonic_distance_bringup.elf.dir/firmware/app/app.c.obj
 .debug_line    0x0000aa80       0x7a CMakeFiles/ultrasonic_distance_bringup.elf.dir/Core/Startup/startup_stm32g031xx.s.obj
 .debug_line    0x0000aafa      0x377 C:/ST/STM32CubeCLT_1.22.0/GNU-tools-for-STM32/bin/../lib/gcc/arm-none-eabi/14.3.1/../../../../arm-none-eabi/lib/thumb/v6-m/nofp\libg_nano.a(libc_a-snprintf.o)
 .debug_line    0x0000ae71       0x4f C:/ST/STM32CubeCLT_1.22.0/GNU-tools-for-STM32/bin/../lib/gcc/arm-none-eabi/14.3.1/../../../../arm-none-eabi/lib/thumb/v6-m/nofp\libg_nano.a(libc_a-strlen.o)
 .debug_line    0x0000aec0      0x90b C:/ST/STM32CubeCLT_1.22.0/GNU-tools-for-STM32/bin/../lib/gcc/arm-none-eabi/14.3.1/../../../../arm-none-eabi/lib/thumb/v6-m/nofp\libg_nano.a(libc_a-nano-svfprintf.o)
 .debug_line    0x0000b7cb      0x6c0 C:/ST/STM32CubeCLT_1.22.0/GNU-tools-for-STM32/bin/../lib/gcc/arm-none-eabi/14.3.1/../../../../arm-none-eabi/lib/thumb/v6-m/nofp\libg_nano.a(libc_a-nano-vfprintf_i.o)
 .debug_line    0x0000be8b      0x1a4 C:/ST/STM32CubeCLT_1.22.0/GNU-tools-for-STM32/bin/../lib/gcc/arm-none-eabi/14.3.1/../../../../arm-none-eabi/lib/thumb/v6-m/nofp\libg_nano.a(libc_a-memmove.o)
 .debug_line    0x0000c02f      0x201 C:/ST/STM32CubeCLT_1.22.0/GNU-tools-for-STM32/bin/../lib/gcc/arm-none-eabi/14.3.1/../../../../arm-none-eabi/lib/thumb/v6-m/nofp\libg_nano.a(libc_a-memchr-stub.o)
 .debug_line    0x0000c230      0x201 C:/ST/STM32CubeCLT_1.22.0/GNU-tools-for-STM32/bin/../lib/gcc/arm-none-eabi/14.3.1/../../../../arm-none-eabi/lib/thumb/v6-m/nofp\libg_nano.a(libc_a-memcpy-stub.o)
 .debug_line    0x0000c431      0x27e C:/ST/STM32CubeCLT_1.22.0/GNU-tools-for-STM32/bin/../lib/gcc/arm-none-eabi/14.3.1/../../../../arm-none-eabi/lib/thumb/v6-m/nofp\libg_nano.a(libc_a-reallocr.o)
 .debug_line    0x0000c6af      0x206 C:/ST/STM32CubeCLT_1.22.0/GNU-tools-for-STM32/bin/../lib/gcc/arm-none-eabi/14.3.1/../../../../arm-none-eabi/lib/thumb/v6-m/nofp\libg_nano.a(libc_a-msizer.o)

.debug_str      0x00000000     0x4811
 .debug_str     0x00000000     0x4811 CMakeFiles/ultrasonic_distance_bringup.elf.dir/Core/Src/main.c.obj
                                0x3de (size before relaxing)
 .debug_str     0x00004811      0x2f9 CMakeFiles/ultrasonic_distance_bringup.elf.dir/Core/Src/stm32g0xx_hal_msp.c.obj
 .debug_str     0x00004811      0x265 CMakeFiles/ultrasonic_distance_bringup.elf.dir/Core/Src/stm32g0xx_it.c.obj
 .debug_str     0x00004811      0x379 CMakeFiles/ultrasonic_distance_bringup.elf.dir/Core/Src/system_stm32g0xx.c.obj
 .debug_str     0x00004811      0x9d2 CMakeFiles/ultrasonic_distance_bringup.elf.dir/Drivers/STM32G0xx_HAL_Driver/Src/stm32g0xx_hal.c.obj
 .debug_str     0x00004811      0x7de CMakeFiles/ultrasonic_distance_bringup.elf.dir/Drivers/STM32G0xx_HAL_Driver/Src/stm32g0xx_hal_cortex.c.obj
 .debug_str     0x00004811      0x477 CMakeFiles/ultrasonic_distance_bringup.elf.dir/Drivers/STM32G0xx_HAL_Driver/Src/stm32g0xx_hal_gpio.c.obj
 .debug_str     0x00004811      0x70f CMakeFiles/ultrasonic_distance_bringup.elf.dir/Drivers/STM32G0xx_HAL_Driver/Src/stm32g0xx_hal_pwr_ex.c.obj
 .debug_str     0x00004811      0x80e CMakeFiles/ultrasonic_distance_bringup.elf.dir/Drivers/STM32G0xx_HAL_Driver/Src/stm32g0xx_hal_rcc.c.obj
 .debug_str     0x00004811     0x187d CMakeFiles/ultrasonic_distance_bringup.elf.dir/Drivers/STM32G0xx_HAL_Driver/Src/stm32g0xx_hal_tim.c.obj
 .debug_str     0x00004811     0x11b6 CMakeFiles/ultrasonic_distance_bringup.elf.dir/Drivers/STM32G0xx_HAL_Driver/Src/stm32g0xx_hal_uart.c.obj
 .debug_str     0x00004811      0xe14 CMakeFiles/ultrasonic_distance_bringup.elf.dir/firmware/app/app.c.obj
 .debug_str     0x00004811       0xfb CMakeFiles/ultrasonic_distance_bringup.elf.dir/Core/Startup/startup_stm32g031xx.s.obj
 .debug_str     0x00004811      0x578 C:/ST/STM32CubeCLT_1.22.0/GNU-tools-for-STM32/bin/../lib/gcc/arm-none-eabi/14.3.1/../../../../arm-none-eabi/lib/thumb/v6-m/nofp\libg_nano.a(libc_a-snprintf.o)
 .debug_str     0x00004811       0xef C:/ST/STM32CubeCLT_1.22.0/GNU-tools-for-STM32/bin/../lib/gcc/arm-none-eabi/14.3.1/../../../../arm-none-eabi/lib/thumb/v6-m/nofp\libg_nano.a(libc_a-strlen.o)
 .debug_str     0x00004811      0x873 C:/ST/STM32CubeCLT_1.22.0/GNU-tools-for-STM32/bin/../lib/gcc/arm-none-eabi/14.3.1/../../../../arm-none-eabi/lib/thumb/v6-m/nofp\libg_nano.a(libc_a-nano-svfprintf.o)
 .debug_str     0x00004811      0x81a C:/ST/STM32CubeCLT_1.22.0/GNU-tools-for-STM32/bin/../lib/gcc/arm-none-eabi/14.3.1/../../../../arm-none-eabi/lib/thumb/v6-m/nofp\libg_nano.a(libc_a-nano-vfprintf_i.o)
 .debug_str     0x00004811      0x225 C:/ST/STM32CubeCLT_1.22.0/GNU-tools-for-STM32/bin/../lib/gcc/arm-none-eabi/14.3.1/../../../../arm-none-eabi/lib/thumb/v6-m/nofp\libg_nano.a(libc_a-memmove.o)
 .debug_str     0x00004811      0x224 C:/ST/STM32CubeCLT_1.22.0/GNU-tools-for-STM32/bin/../lib/gcc/arm-none-eabi/14.3.1/../../../../arm-none-eabi/lib/thumb/v6-m/nofp\libg_nano.a(libc_a-memchr-stub.o)
 .debug_str     0x00004811      0x228 C:/ST/STM32CubeCLT_1.22.0/GNU-tools-for-STM32/bin/../lib/gcc/arm-none-eabi/14.3.1/../../../../arm-none-eabi/lib/thumb/v6-m/nofp\libg_nano.a(libc_a-memcpy-stub.o)
 .debug_str     0x00004811      0x5a0 C:/ST/STM32CubeCLT_1.22.0/GNU-tools-for-STM32/bin/../lib/gcc/arm-none-eabi/14.3.1/../../../../arm-none-eabi/lib/thumb/v6-m/nofp\libg_nano.a(libc_a-reallocr.o)
 .debug_str     0x00004811      0x573 C:/ST/STM32CubeCLT_1.22.0/GNU-tools-for-STM32/bin/../lib/gcc/arm-none-eabi/14.3.1/../../../../arm-none-eabi/lib/thumb/v6-m/nofp\libg_nano.a(libc_a-msizer.o)

.comment        0x00000000       0x43
 .comment       0x00000000       0x43 CMakeFiles/ultrasonic_distance_bringup.elf.dir/Core/Src/main.c.obj
                                 0x44 (size before relaxing)
 .comment       0x00000043       0x44 CMakeFiles/ultrasonic_distance_bringup.elf.dir/Core/Src/stm32g0xx_hal_msp.c.obj
 .comment       0x00000043       0x44 CMakeFiles/ultrasonic_distance_bringup.elf.dir/Core/Src/stm32g0xx_it.c.obj
 .comment       0x00000043       0x44 CMakeFiles/ultrasonic_distance_bringup.elf.dir/Core/Src/system_stm32g0xx.c.obj
 .comment       0x00000043       0x44 CMakeFiles/ultrasonic_distance_bringup.elf.dir/Drivers/STM32G0xx_HAL_Driver/Src/stm32g0xx_hal.c.obj
 .comment       0x00000043       0x44 CMakeFiles/ultrasonic_distance_bringup.elf.dir/Drivers/STM32G0xx_HAL_Driver/Src/stm32g0xx_hal_cortex.c.obj
 .comment       0x00000043       0x44 CMakeFiles/ultrasonic_distance_bringup.elf.dir/Drivers/STM32G0xx_HAL_Driver/Src/stm32g0xx_hal_gpio.c.obj
 .comment       0x00000043       0x44 CMakeFiles/ultrasonic_distance_bringup.elf.dir/Drivers/STM32G0xx_HAL_Driver/Src/stm32g0xx_hal_pwr_ex.c.obj
 .comment       0x00000043       0x44 CMakeFiles/ultrasonic_distance_bringup.elf.dir/Drivers/STM32G0xx_HAL_Driver/Src/stm32g0xx_hal_rcc.c.obj
 .comment       0x00000043       0x44 CMakeFiles/ultrasonic_distance_bringup.elf.dir/Drivers/STM32G0xx_HAL_Driver/Src/stm32g0xx_hal_tim.c.obj
 .comment       0x00000043       0x44 CMakeFiles/ultrasonic_distance_bringup.elf.dir/Drivers/STM32G0xx_HAL_Driver/Src/stm32g0xx_hal_uart.c.obj
 .comment       0x00000043       0x44 CMakeFiles/ultrasonic_distance_bringup.elf.dir/firmware/app/app.c.obj
 .comment       0x00000043       0x44 C:/ST/STM32CubeCLT_1.22.0/GNU-tools-for-STM32/bin/../lib/gcc/arm-none-eabi/14.3.1/../../../../arm-none-eabi/lib/thumb/v6-m/nofp\libg_nano.a(libc_a-snprintf.o)
 .comment       0x00000043       0x44 C:/ST/STM32CubeCLT_1.22.0/GNU-tools-for-STM32/bin/../lib/gcc/arm-none-eabi/14.3.1/../../../../arm-none-eabi/lib/thumb/v6-m/nofp\libg_nano.a(libc_a-nano-svfprintf.o)
 .comment       0x00000043       0x44 C:/ST/STM32CubeCLT_1.22.0/GNU-tools-for-STM32/bin/../lib/gcc/arm-none-eabi/14.3.1/../../../../arm-none-eabi/lib/thumb/v6-m/nofp\libg_nano.a(libc_a-nano-vfprintf_i.o)
 .comment       0x00000043       0x44 C:/ST/STM32CubeCLT_1.22.0/GNU-tools-for-STM32/bin/../lib/gcc/arm-none-eabi/14.3.1/../../../../arm-none-eabi/lib/thumb/v6-m/nofp\libg_nano.a(libc_a-memmove.o)
 .comment       0x00000043       0x44 C:/ST/STM32CubeCLT_1.22.0/GNU-tools-for-STM32/bin/../lib/gcc/arm-none-eabi/14.3.1/../../../../arm-none-eabi/lib/thumb/v6-m/nofp\libg_nano.a(libc_a-memchr-stub.o)
 .comment       0x00000043       0x44 C:/ST/STM32CubeCLT_1.22.0/GNU-tools-for-STM32/bin/../lib/gcc/arm-none-eabi/14.3.1/../../../../arm-none-eabi/lib/thumb/v6-m/nofp\libg_nano.a(libc_a-memcpy-stub.o)
 .comment       0x00000043       0x44 C:/ST/STM32CubeCLT_1.22.0/GNU-tools-for-STM32/bin/../lib/gcc/arm-none-eabi/14.3.1/../../../../arm-none-eabi/lib/thumb/v6-m/nofp\libg_nano.a(libc_a-reallocr.o)
 .comment       0x00000043       0x44 C:/ST/STM32CubeCLT_1.22.0/GNU-tools-for-STM32/bin/../lib/gcc/arm-none-eabi/14.3.1/../../../../arm-none-eabi/lib/thumb/v6-m/nofp\libg_nano.a(libc_a-msizer.o)

.debug_line_str
                0x00000000      0x1b9
 .debug_line_str
                0x00000000      0x1b9 CMakeFiles/ultrasonic_distance_bringup.elf.dir/Core/Startup/startup_stm32g031xx.s.obj
                                 0xdf (size before relaxing)
 .debug_line_str
                0x000001b9       0xda C:/ST/STM32CubeCLT_1.22.0/GNU-tools-for-STM32/bin/../lib/gcc/arm-none-eabi/14.3.1/../../../../arm-none-eabi/lib/thumb/v6-m/nofp\libg_nano.a(libc_a-strlen.o)

.debug_loclists
                0x00000000     0x104a
 .debug_loclists
                0x00000000      0x13d C:/ST/STM32CubeCLT_1.22.0/GNU-tools-for-STM32/bin/../lib/gcc/arm-none-eabi/14.3.1/../../../../arm-none-eabi/lib/thumb/v6-m/nofp\libg_nano.a(libc_a-snprintf.o)
 .debug_loclists
                0x0000013d      0x64a C:/ST/STM32CubeCLT_1.22.0/GNU-tools-for-STM32/bin/../lib/gcc/arm-none-eabi/14.3.1/../../../../arm-none-eabi/lib/thumb/v6-m/nofp\libg_nano.a(libc_a-nano-svfprintf.o)
 .debug_loclists
                0x00000787      0x4b3 C:/ST/STM32CubeCLT_1.22.0/GNU-tools-for-STM32/bin/../lib/gcc/arm-none-eabi/14.3.1/../../../../arm-none-eabi/lib/thumb/v6-m/nofp\libg_nano.a(libc_a-nano-vfprintf_i.o)
 .debug_loclists
                0x00000c3a       0xc7 C:/ST/STM32CubeCLT_1.22.0/GNU-tools-for-STM32/bin/../lib/gcc/arm-none-eabi/14.3.1/../../../../arm-none-eabi/lib/thumb/v6-m/nofp\libg_nano.a(libc_a-memmove.o)
 .debug_loclists
                0x00000d01       0x9d C:/ST/STM32CubeCLT_1.22.0/GNU-tools-for-STM32/bin/../lib/gcc/arm-none-eabi/14.3.1/../../../../arm-none-eabi/lib/thumb/v6-m/nofp\libg_nano.a(libc_a-memchr-stub.o)
 .debug_loclists
                0x00000d9e       0xaf C:/ST/STM32CubeCLT_1.22.0/GNU-tools-for-STM32/bin/../lib/gcc/arm-none-eabi/14.3.1/../../../../arm-none-eabi/lib/thumb/v6-m/nofp\libg_nano.a(libc_a-memcpy-stub.o)
 .debug_loclists
                0x00000e4d      0x194 C:/ST/STM32CubeCLT_1.22.0/GNU-tools-for-STM32/bin/../lib/gcc/arm-none-eabi/14.3.1/../../../../arm-none-eabi/lib/thumb/v6-m/nofp\libg_nano.a(libc_a-reallocr.o)
 .debug_loclists
                0x00000fe1       0x69 C:/ST/STM32CubeCLT_1.22.0/GNU-tools-for-STM32/bin/../lib/gcc/arm-none-eabi/14.3.1/../../../../arm-none-eabi/lib/thumb/v6-m/nofp\libg_nano.a(libc_a-msizer.o)
